 RadioSYS_sfun

 Timestamp is 54d69f1c (Sat Feb 07 15:26:20 2015)

 Preferred load address is 0000000180000000

 Start         Length     Name                   Class
 0001:00000000 00036034H .text                   CODE
 0001:00036040 00000092H .text$x                 CODE
 0002:00000000 00000498H .idata$5                DATA
 0002:00000498 00000008H .CRT$XCA                DATA
 0002:000004a0 00000008H .CRT$XCZ                DATA
 0002:000004a8 00000008H .CRT$XIA                DATA
 0002:000004b0 00000008H .CRT$XIAA               DATA
 0002:000004b8 00000008H .CRT$XIZ                DATA
 0002:000004c0 00004b0cH .rdata                  DATA
 0002:00004fd0 00000008H .rtc$IAA                DATA
 0002:00004fd8 00000008H .rtc$IZZ                DATA
 0002:00004fe0 00000008H .rtc$TAA                DATA
 0002:00004fe8 00000008H .rtc$TZZ                DATA
 0002:00004ff0 00004154H .xdata                  DATA
 0002:00009144 000000a0H .idata$2                DATA
 0002:000091e4 00000014H .idata$3                DATA
 0002:000091f8 00000498H .idata$4                DATA
 0002:00009690 00000ac4H .idata$6                DATA
 0002:0000a160 00000053H .edata                  DATA
 0003:00000000 000018a8H .data                   DATA
 0003:000018c0 00002418H .bss                    DATA
 0004:00000000 000030fcH .pdata                  DATA

  Address         Publics by Value              Rva+Base               Lib:Object

 0000:00000000       ___safe_se_handler_count   0000000000000000     <absolute>
 0000:00000000       ___safe_se_handler_table   0000000000000000     <absolute>
 0000:00000000       __ImageBase                0000000180000000     <linker-defined>
 0001:00000000       sf_c2_RadioSYS_get_eml_resolved_functions_info 0000000180001000 f   c2_RadioSYS.obj
 0001:00000610       sf_c2_RadioSYS_get_check_sum 0000000180001610 f   c2_RadioSYS.obj
 0001:00000690       sf_c2_RadioSYS_get_autoinheritance_info 0000000180001690 f   c2_RadioSYS.obj
 0001:00001110       sf_c2_RadioSYS_third_party_uses_info 0000000180002110 f   c2_RadioSYS.obj
 0001:00001140       sf_internal_get_sim_state_c2_RadioSYS 0000000180002140 f   c2_RadioSYS.obj
 0001:00001490       sf_internal_set_sim_state_c2_RadioSYS 0000000180002490 f   c2_RadioSYS.obj
 0001:00001890       c2_RadioSYS_method_dispatcher 0000000180002890 f   c2_RadioSYS.obj
 0001:00003ec0       sf_process_check_sum_call  0000000180004ec0 f   RadioSYS_sfun_registry.obj
 0001:00003f10       sf_process_autoinheritance_call 0000000180004f10 f   RadioSYS_sfun_registry.obj
 0001:000040b0       sf_process_get_third_party_uses_info_call 00000001800050b0 f   RadioSYS_sfun_registry.obj
 0001:00004250       sf_process_get_eml_resolved_functions_info_call 0000000180005250 f   RadioSYS_sfun_registry.obj
 0001:000043d0       sf_mex_unlock_call         00000001800053d0 f   RadioSYS_sfun_registry.obj
 0001:00004480       sf_machine_global_initializer_called 0000000180005480 f   RadioSYS_sfun_registry.obj
 0001:000044b0       sf_machine_global_method_dispatcher 00000001800054b0 f   RadioSYS_sfun_registry.obj
 0001:00004510       sf_machine_global_terminator 0000000180005510 f   RadioSYS_sfun_registry.obj
 0001:00004560       sf_register_machine_exported_symbols 0000000180005560 f   RadioSYS_sfun_registry.obj
 0001:00004580       callCustomFcn              0000000180005580 f   RadioSYS_sfun_registry.obj
 0001:00004590       sf_machine_global_initializer 0000000180005590 f   RadioSYS_sfun_registry.obj
 0001:00004610       _ssSetStateAbsTol          0000000180005610 f   RadioSYS_sfun_registry.obj
 0001:000046f0       _ssGetAbsTol               00000001800056f0 f   RadioSYS_sfun_registry.obj
 0001:00004760       _ssSetInputPortMatrixDimensions 0000000180005760 f   RadioSYS_sfun_registry.obj
 0001:00004870       _ssSetOutputPortMatrixDimensions 0000000180005870 f   RadioSYS_sfun_registry.obj
 0001:00004980       _ssSetInputPortVectorDimension 0000000180005980 f   RadioSYS_sfun_registry.obj
 0001:00004a50       _ssSetOutputPortVectorDimension 0000000180005a50 f   RadioSYS_sfun_registry.obj
 0001:00004b20       ssIsRunTimeParamTunable    0000000180005b20 f   RadioSYS_sfun_registry.obj
 0001:00004b90       ssGetSFuncBlockHandle      0000000180005b90 f   RadioSYS_sfun_registry.obj
 0001:00004c00       _ssGetCurrentInputPortWidth 0000000180005c00 f   RadioSYS_sfun_registry.obj
 0001:00004d20       _ssGetCurrentOutputPortWidth 0000000180005d20 f   RadioSYS_sfun_registry.obj
 0001:00004e40       _ssGetCallSystemNumFcnCallDestinations 0000000180005e40 f   RadioSYS_sfun_registry.obj
 0001:00004eb0       ssWarning                  0000000180005eb0 f   RadioSYS_sfun_registry.obj
 0001:00004fc0       ssGetIsZeroCrossControlDisabled 0000000180005fc0 f   RadioSYS_sfun_registry.obj
 0001:00005030       ssSetIsInputPortUsedForContZcSignal 0000000180006030 f   RadioSYS_sfun_registry.obj
 0001:000050a0       ssSetZcSignalIsZcElementDisc 00000001800060a0 f   RadioSYS_sfun_registry.obj
 0001:00005150       ssSetZcSignalName          0000000180006150 f   RadioSYS_sfun_registry.obj
 0001:000051c0       ssSetZcSignalWidth         00000001800061c0 f   RadioSYS_sfun_registry.obj
 0001:00005230       ssSetZcSignalZcEventType   0000000180006230 f   RadioSYS_sfun_registry.obj
 0001:000052a0       ssSetZcSignalType          00000001800062a0 f   RadioSYS_sfun_registry.obj
 0001:00005310       ssSetZcSignalZcTol         0000000180006310 f   RadioSYS_sfun_registry.obj
 0001:00005380       ssSetZcSignalNeedsEventNotification 0000000180006380 f   RadioSYS_sfun_registry.obj
 0001:000053f0       ssCreateAndAddZcSignalInfo 00000001800063f0 f   RadioSYS_sfun_registry.obj
 0001:00005460       ssCloneAndAddZcSignalInfo  0000000180006460 f   RadioSYS_sfun_registry.obj
 0001:000054d0       ssGetNumZcSignals          00000001800064d0 f   RadioSYS_sfun_registry.obj
 0001:00005540       ssGetZcSignalVector        0000000180006540 f   RadioSYS_sfun_registry.obj
 0001:000055b0       ssGetZcSignalZcEvents      00000001800065b0 f   RadioSYS_sfun_registry.obj
 0001:00005620       ssGetZcSignalName          0000000180006620 f   RadioSYS_sfun_registry.obj
 0001:00005690       ssGetZcSignalWidth         0000000180006690 f   RadioSYS_sfun_registry.obj
 0001:00005700       ssGetZcSignalZcEventType   0000000180006700 f   RadioSYS_sfun_registry.obj
 0001:00005770       ssGetZcSignalType          0000000180006770 f   RadioSYS_sfun_registry.obj
 0001:000057e0       ssGetZcSignalZcTol         00000001800067e0 f   RadioSYS_sfun_registry.obj
 0001:00005860       ssGetZcSignalNeedsEventNotification 0000000180006860 f   RadioSYS_sfun_registry.obj
 0001:000058d0       ssGetZcSignalIsZcElementDisc 00000001800068d0 f   RadioSYS_sfun_registry.obj
 0001:00005970       ssGetIsInputPortElementContinuous 0000000180006970 f   RadioSYS_sfun_registry.obj
 0001:00005a10       _ssGetInputPortSignalPtrsFcn 0000000180006a10 f   RadioSYS_sfun_registry.obj
 0001:00005cd0       _ssGetInputPortSignalFcn   0000000180006cd0 f   RadioSYS_sfun_registry.obj
 0001:00005ef0       _ssSetInputPortDirectFeedThroughFcn 0000000180006ef0 f   RadioSYS_sfun_registry.obj
 0001:00006050       _ssSetInputPortReusableFcn 0000000180007050 f   RadioSYS_sfun_registry.obj
 0001:00006140       _ssSetOutputPortReusableFcn 0000000180007140 f   RadioSYS_sfun_registry.obj
 0001:00006220       ssGetDTypeIdFromMxArray    0000000180007220 f   RadioSYS_sfun_registry.obj
 0001:00006340       ssWriteRTWStr              0000000180007340 f   RadioSYS_sfun_registry.obj
 0001:000063a0       ssWriteRTWMxVectParam      00000001800073a0 f   RadioSYS_sfun_registry.obj
 0001:00006400       ssWriteRTWMx2dMatParam     0000000180007400 f   RadioSYS_sfun_registry.obj
 0001:00006480       ssWriteRTWNameValuePair    0000000180007480 f   RadioSYS_sfun_registry.obj
 0001:00006970       ssWriteRTWParameters       0000000180007970 f   RadioSYS_sfun_registry.obj
 0001:00006f70       ssWriteRTWParamSettings    0000000180007f70 f   RadioSYS_sfun_registry.obj
 0001:00007640       ssWriteRTWWorkVect         0000000180008640 f   RadioSYS_sfun_registry.obj
 0001:00007b40       mexFunction                0000000180008b40 f   RadioSYS_sfun_registry.obj
 0001:00009870       ProcessMexSfunctionEveryCall 000000018000a870 f   RadioSYS_sfun_registry.obj
 0001:000099e0       RadioSYS_initializer       000000018000a9e0 f   RadioSYS_sfun.obj
 0001:000099f0       RadioSYS_terminator        000000018000a9f0 f   RadioSYS_sfun.obj
 0001:00009a00       sf_RadioSYS_method_dispatcher 000000018000aa00 f   RadioSYS_sfun.obj
 0001:00009a50       sf_RadioSYS_process_check_sum_call 000000018000aa50 f   RadioSYS_sfun.obj
 0001:00009e60       sf_RadioSYS_autoinheritance_info 000000018000ae60 f   RadioSYS_sfun.obj
 0001:00009fd0       sf_RadioSYS_get_eml_resolved_functions_info 000000018000afd0 f   RadioSYS_sfun.obj
 0001:0000a100       sf_RadioSYS_third_party_uses_info 000000018000b100 f   RadioSYS_sfun.obj
 0001:0000a250       RadioSYS_debug_initialize  000000018000b250 f   RadioSYS_sfun.obj
 0001:0000a2d0       RadioSYS_register_exported_symbols 000000018000b2d0 f   RadioSYS_sfun.obj
 0001:0000a2e0       load_RadioSYS_optimization_info 000000018000b2e0 f   RadioSYS_sfun.obj
 0001:0000a330       unload_RadioSYS_optimization_info 000000018000b330 f   RadioSYS_sfun.obj
 0001:0000a450       sf_mex_mx_is_numeric       000000018000b450 f   sfc_mex:sfc_mex.obj
 0001:0000a490       strcmp_ignore_ws           000000018000b490 f   sfc_mex:sfc_mex.obj
 0001:0000a5d0       sf_mex_duplicatearraysafe  000000018000b5d0 f   sfc_mex:sfc_mex.obj
 0001:0000a730       sf_set_error_debugger_context_message_fcn 000000018000b730 f   sfc_mex:sfc_mex.obj
 0001:0000a740       sf_set_debugger_matlab_error_fcn 000000018000b740 f   sfc_mex:sfc_mex.obj
 0001:0000a780       sf_set_error_prefix_string 000000018000b780 f   sfc_mex:sfc_mex.obj
 0001:0000a7b0       sf_get_error_prefix_string 000000018000b7b0 f   sfc_mex:sfc_mex.obj
 0001:0000a7c0       sf_mex_enter_parallel_region 000000018000b7c0 f   sfc_mex:sfc_mex.obj
 0001:0000a7d0       sf_mex_exit_parallel_region 000000018000b7d0 f   sfc_mex:sfc_mex.obj
 0001:0000a7e0       sf_get_current_jmp_buf_ptr 000000018000b7e0 f   sfc_mex:sfc_mex.obj
 0001:0000a7f0       sf_set_current_jmp_buf_ptr 000000018000b7f0 f   sfc_mex:sfc_mex.obj
 0001:0000a800       sf_mex_set_halt_simulation 000000018000b800 f   sfc_mex:sfc_mex.obj
 0001:0000a810       sf_mex_get_halt_simulation 000000018000b810 f   sfc_mex:sfc_mex.obj
 0001:0000a820       sf_mex_clear_error_message 000000018000b820 f   sfc_mex:sfc_mex.obj
 0001:0000a840       sf_mex_get_error_message_for_read 000000018000b840 f   sfc_mex:sfc_mex.obj
 0001:0000a850       sf_mex_get_error_message_buffer_length 000000018000b850 f   sfc_mex:sfc_mex.obj
 0001:0000a930       sf_mex_warning_message     000000018000b930 f   sfc_mex:sfc_mex.obj
 0001:0000a9a0       sf_mex_v_errbuf_createf    000000018000b9a0 f   sfc_mex:sfc_mex.obj
 0001:0000a9b0       sf_mex_errbuf_createf      000000018000b9b0 f   sfc_mex:sfc_mex.obj
 0001:0000a9e0       sf_mex_v_errbuf_catf       000000018000b9e0 f   sfc_mex:sfc_mex.obj
 0001:0000aa20       sf_mex_errbuf_catf         000000018000ba20 f   sfc_mex:sfc_mex.obj
 0001:0000aa70       sf_mex_errbuf_copy         000000018000ba70 f   sfc_mex:sfc_mex.obj
 0001:0000aa80       sf_mex_errbuf_clear        000000018000ba80 f   sfc_mex:sfc_mex.obj
 0001:0000aa90       sf_mex_errbuf_isempty      000000018000ba90 f   sfc_mex:sfc_mex.obj
 0001:0000ab90       sf_mex_set_error_status    000000018000bb90 f   sfc_mex:sfc_mex.obj
 0001:0000abe0       sf_mex_error_direct_call   000000018000bbe0 f   sfc_mex:sfc_mex.obj
 0001:0000ac00       sf_mex_error_message_no_long_jump 000000018000bc00 f   sfc_mex:sfc_mex.obj
 0001:0000ac20       sf_mex_long_jump_on_error  000000018000bc20 f   sfc_mex:sfc_mex.obj
 0001:0000ac50       sf_mex_call_matlab         000000018000bc50 f   sfc_mex:sfc_mex.obj
 0001:0000ad70       sf_mex_check_builtin       000000018000bd70 f   sfc_mex:sfc_mex.obj
 0001:0000ae10       sf_mex_check_builtin_vs    000000018000be10 f   sfc_mex:sfc_mex.obj
 0001:0000aed0       sf_mex_check_enum          000000018000bed0 f   sfc_mex:sfc_mex.obj
 0001:0000af50       sf_mex_create_enum         000000018000bf50 f   sfc_mex:sfc_mex.obj
 0001:0000afc0       sf_mex_get_enum_element    000000018000bfc0 f   sfc_mex:sfc_mex.obj
 0001:0000afd0       sf_mex_createcellarray     000000018000bfd0 f   sfc_mex:sfc_mex.obj
 0001:0000afe0       sf_mex_setcell             000000018000bfe0 f   sfc_mex:sfc_mex.obj
 0001:0000aff0       sf_mex_getcell             000000018000bff0 f   sfc_mex:sfc_mex.obj
 0001:0000b000       sf_mex_dup                 000000018000c000 f   sfc_mex:sfc_mex.obj
 0001:0000b020       sf_mex_assign              000000018000c020 f   sfc_mex:sfc_mex.obj
 0001:0000b0a0       sf_mex_destroy             000000018000c0a0 f   sfc_mex:sfc_mex.obj
 0001:0000b0d0       mx_array_has_fi_type       000000018000c0d0 f   sfc_mex:sfc_mex.obj
 0001:0000b100       sf_mex_convert_from_fi     000000018000c100 f   sfc_mex:sfc_mex.obj
 0001:0000b230       sf_mex_convert_to_double   000000018000c230 f   sfc_mex:sfc_mex.obj
 0001:0000b350       sf_mex_import_fi_vs        000000018000c350 f   sfc_mex:sfc_mex.obj
 0001:0000b580       sf_matrix_matrix_index_ok  000000018000c580 f   sfc_mex:sfc_mex.obj
 0001:0000b610       sf_vector_vector_index_ok  000000018000c610 f   sfc_mex:sfc_mex.obj
 0001:0000b640       ssGetCurrentInputPortDimensions_wrapper 000000018000c640 f   sfc_mex:sfc_mex.obj
 0001:0000b660       ssGetCurrentOutputPortDimensions_wrapper 000000018000c660 f   sfc_mex:sfc_mex.obj
 0001:0000b680       sf_mex_emlrt_context_is_debug_mode 000000018000c680 f   sfc_mex:sfc_mex.obj
 0001:0000b690       sf_mex_emlrt_context_set_debug_mode 000000018000c690 f   sfc_mex:sfc_mex.obj
 0001:0000b6a0       sf_mex_emlrtNameCapturePostProcessR2012a 000000018000c6a0 f   sfc_mex:sfc_mex.obj
 0001:0000b710       sf_clear_error_manager_info 000000018000c710 f   sfc_mex:sfc_mex.obj
 0001:0000b770       sf_mex_stop_simulation_abruptly_wo_error 000000018000c770 f   sfc_mex:sfc_mex.obj
 0001:0000b7b0       sf_mex_error_message       000000018000c7b0 f   sfc_mex:sfc_mex.obj
 0001:0000b820       sf_react_to_error_in_matlab_call 000000018000c820 f   sfc_mex:sfc_mex.obj
 0001:0000b850       sf_mex_addfield            000000018000c850 f   sfc_mex:sfc_mex.obj
 0001:0000b8f0       sf_mex_getfield            000000018000c8f0 f   sfc_mex:sfc_mex.obj
 0001:0000bbf0       sf_mex_check_class         000000018000cbf0 f   sfc_mex:sfc_mex.obj
 0001:0000bc90       sf_mex_is_real             000000018000cc90 f   sfc_mex:sfc_mex.obj
 0001:0000c100       sf_mex_decode_encoded_mx_struct_array 000000018000d100 f   sfc_mex:sfc_mex.obj
 0001:0000c3f0       sf_mex_lw_bounds_check     000000018000d3f0 f   sfc_mex:sfc_mex.obj
 0001:0000c420       sf_mex_lw_size_eq_check_1d 000000018000d420 f   sfc_mex:sfc_mex.obj
 0001:0000c440       sf_mex_lw_size_eq_check_nd 000000018000d440 f   sfc_mex:sfc_mex.obj
 0001:0000c620       sf_mex_lw_dim_size_eq_check 000000018000d620 f   sfc_mex:sfc_mex.obj
 0001:0000c650       sf_mex_lw_dim_size_geq_check 000000018000d650 f   sfc_mex:sfc_mex.obj
 0001:0000c680       sf_mex_lw_sub_assign_size_check_nd 000000018000d680 f   sfc_mex:sfc_mex.obj
 0001:0000c850       sf_mex_lw_runtime_error_msgid 000000018000d850 f   sfc_mex:sfc_mex.obj
 0001:0000c940       sf_mex_lw_matrix_matrix_index_check 000000018000d940 f   sfc_mex:sfc_mex.obj
 0001:0000c960       sf_mex_lw_vector_vector_index_check 000000018000d960 f   sfc_mex:sfc_mex.obj
 0001:0000c9a0       sf_mex_lw_for_loop_vector_check 000000018000d9a0 f   sfc_mex:sfc_mex.obj
 0001:0000ca30       sf_mex_lw_non_negative_check 000000018000da30 f   sfc_mex:sfc_mex.obj
 0001:0000ca70       sf_mex_overflow_error      000000018000da70 f   sfc_mex:sfc_mex.obj
 0001:0000ca80       sf_mex_dividebyzero_error  000000018000da80 f   sfc_mex:sfc_mex.obj
 0001:0000ca90       sf_mex_unsafe_enum_error   000000018000da90 f   sfc_mex:sfc_mex.obj
 0001:0000caa0       sf_emlrtErrHandler         000000018000daa0 f   sfc_mex:sfc_mex.obj
 0001:0000cb80       sf_mex_size_one_check      000000018000db80 f   sfc_mex:sfc_mex.obj
 0001:0000cba0       sf_mex_printf              000000018000dba0 f   sfc_mex:sfc_mex.obj
 0001:0000cd70       sf_mex_check_size          000000018000dd70 f   sfc_mex:sfc_mex.obj
 0001:0000d010       sf_mex_check_struct        000000018000e010 f   sfc_mex:sfc_mex.obj
 0001:0000d270       sf_mex_check_struct_vs     000000018000e270 f   sfc_mex:sfc_mex.obj
 0001:0000d300       sf_mex_check_fi            000000018000e300 f   sfc_mex:sfc_mex.obj
 0001:0000d400       sf_mex_check_fi_vs         000000018000e400 f   sfc_mex:sfc_mex.obj
 0001:0000d4a0       sf_echo_expression         000000018000e4a0 f   sfc_mex:sfc_mex.obj
 0001:0000d500       sf_assertion_failed        000000018000e500 f   sfc_mex:sfc_mex.obj
 0001:0000d7e0       sf_mex_evalin              000000018000e7e0 f   sfc_mex:sfc_mex.obj
 0001:0000da50       sf_mex_export              000000018000ea50 f   sfc_mex:sfc_mex.obj
 0001:0000db10       sf_mex_get_ml_var_no_error 000000018000eb10 f   sfc_mex:sfc_mex.obj
 0001:0000dcb0       sf_mex_get_ml_var          000000018000ecb0 f   sfc_mex:sfc_mex.obj
 0001:0000e140       ml_set_element_value_in_array 000000018000f140 f   sfc_mex:sfc_mex.obj
 0001:0000f200       sf_mex_call_impl           0000000180010200 f   sfc_mex:sfc_mex.obj
 0001:0000f620       sf_mex_call_debug          0000000180010620 f   sfc_mex:sfc_mex.obj
 0001:0000f650       sf_mex_call                0000000180010650 f   sfc_mex:sfc_mex.obj
 0001:0000fca0       sf_mex_createstruct        0000000180010ca0 f   sfc_mex:sfc_mex.obj
 0001:0000fdb0       sf_mex_createstructarray   0000000180010db0 f   sfc_mex:sfc_mex.obj
 0001:0000fe30       sf_mex_get_mx_datatype_from_sf_datatype 0000000180010e30 f   sfc_mex:sfc_mex.obj
 0001:00010140       sf_mex_ml_var_sub          0000000180011140 f   sfc_mex:sfc_mex.obj
 0001:00010320       sf_mex_ml_var_subsasgn     0000000180011320 f   sfc_mex:sfc_mex.obj
 0001:00010720       sf_mex_sub                 0000000180011720 f   sfc_mex:sfc_mex.obj
 0001:00010930       sf_mex_subsasgn            0000000180011930 f   sfc_mex:sfc_mex.obj
 0001:00010e40       sf_mex_create              0000000180011e40 f   sfc_mex:sfc_mex.obj
 0001:000117e0       sf_mex_import_named        00000001800127e0 f   sfc_mex:sfc_mex.obj
 0001:00011840       sf_mex_import              0000000180012840 f   sfc_mex:sfc_mex.obj
 0001:00011890       sf_mex_import_vs           0000000180012890 f   sfc_mex:sfc_mex.obj
 0001:000119a0       sf_mex_lower_fixpt_mx_array 00000001800129a0 f   sfc_mex:sfc_mex.obj
 0001:00011ca0       sf_send_message_wrapper    0000000180012ca0 f   sfc_mex:sfc_sf.obj
 0001:00011cd0       sf_receive_message_wrapper 0000000180012cd0 f   sfc_mex:sfc_sf.obj
 0001:00011d10       sf_check_out_message_wrapper 0000000180012d10 f   sfc_mex:sfc_sf.obj
 0001:00011d50       sf_check_in_message_wrapper 0000000180012d50 f   sfc_mex:sfc_sf.obj
 0001:00011d90       sf_no_message_wrapper      0000000180012d90 f   sfc_mex:sfc_sf.obj
 0001:00012120       sim_mode_is_rtw_gen        0000000180013120 f   sfc_mex:sfc_sf.obj
 0001:00012150       sim_mode_is_external       0000000180013150 f   sfc_mex:sfc_sf.obj
 0001:00012160       sim_mode_is_modelref_sim   0000000180013160 f   sfc_mex:sfc_sf.obj
 0001:00012180       mdlInitializeSizes         0000000180013180 f   sfc_mex:sfc_sf.obj
 0001:000121a0       mdlInitializeSampleTimes   00000001800131a0 f   sfc_mex:sfc_sf.obj
 0001:000121e0       mdlZeroCrossings           00000001800131e0 f   sfc_mex:sfc_sf.obj
 0001:000122d0       mdlDerivatives             00000001800132d0 f   sfc_mex:sfc_sf.obj
 0001:00012390       mdl_initialize_conditions_processing 0000000180013390 f   sfc_mex:sfc_sf.obj
 0001:000123c0       mdlInitializeConditions    00000001800133c0 f   sfc_mex:sfc_sf.obj
 0001:00012480       mdlGetSimState             0000000180013480 f   sfc_mex:sfc_sf.obj
 0001:00012490       mdlSetSimState             0000000180013490 f   sfc_mex:sfc_sf.obj
 0001:000124a0       mdl_ext_mode_exec_processing 00000001800134a0 f   sfc_mex:sfc_sf.obj
 0001:000124c0       mdlExtModeExec             00000001800134c0 f   sfc_mex:sfc_sf.obj
 0001:00012660       mdlTerminate               0000000180013660 f   sfc_mex:sfc_sf.obj
 0001:000126d0       mdlRTW                     00000001800136d0 f   sfc_mex:sfc_sf.obj
 0001:00012700       mdlSetWorkWidths           0000000180013700 f   sfc_mex:sfc_sf.obj
 0001:00012710       mdlProcessParameters       0000000180013710 f   sfc_mex:sfc_sf.obj
 0001:00012720       mdl_start_processing       0000000180013720 f   sfc_mex:sfc_sf.obj
 0001:00012780       mdlStart                   0000000180013780 f   sfc_mex:sfc_sf.obj
 0001:00012890       mdlEnable                  0000000180013890 f   sfc_mex:sfc_sf.obj
 0001:00012970       mdlDisable                 0000000180013970 f   sfc_mex:sfc_sf.obj
 0001:00012a30       sf_get_chart_instance_ptr  0000000180013a30 f   sfc_mex:sfc_sf.obj
 0001:00012a50       sf_load_rtw_optimization_info 0000000180013a50 f   sfc_mex:sfc_sf.obj
 0001:00012b20       sf_update_buildInfo        0000000180013b20 f   sfc_mex:sfc_sf.obj
 0001:00012c20       sf_rtw_info_uint_prop      0000000180013c20 f   sfc_mex:sfc_sf.obj
 0001:00012d60       sf_is_chart_inlinable      0000000180013d60 f   sfc_mex:sfc_sf.obj
 0001:00012d80       sf_mark_output_events_with_multiple_callers 0000000180013d80 f   sfc_mex:sfc_sf.obj
 0001:00012f10       sf_mark_chart_reusable_outputs 0000000180013f10 f   sfc_mex:sfc_sf.obj
 0001:00013170       sf_mark_chart_expressionable_inputs 0000000180014170 f   sfc_mex:sfc_sf.obj
 0001:000133d0       sf_get_subchart_simstruct  00000001800143d0 f   sfc_mex:sfc_sf.obj
 0001:00013420       sf_get_fixpt_data_type_id  0000000180014420 f   sfc_mex:sfc_sf.obj
 0001:00013460       sf_get_enum_data_type_id   0000000180014460 f   sfc_mex:sfc_sf.obj
 0001:000134a0       sf_get_param_data_type_id  00000001800144a0 f   sfc_mex:sfc_sf.obj
 0001:000134d0       sf_mex_listen_for_ctrl_c_force 00000001800144d0 f   sfc_mex:sfc_sf.obj
 0001:000135e0       sf_mex_draw_now            00000001800145e0 f   sfc_mex:sfc_sf.obj
 0001:00013620       sf_mex_set_debugger_sim_status_listener_fcn 0000000180014620 f   sfc_mex:sfc_sf.obj
 0001:00013630       sf_mex_listen_for_ctrl_c   0000000180014630 f   sfc_mex:sfc_sf.obj
 0001:000136d0       sf_mex_get_sfun_param      00000001800146d0 f   sfc_mex:sfc_sf.obj
 0001:00013720       sf_get_runtime_param_data  0000000180014720 f   sfc_mex:sfc_sf.obj
 0001:00013760       sf_call_output_fcn_call    0000000180014760 f   sfc_mex:sfc_sf.obj
 0001:000138a0       sf_call_output_fcn_enable  00000001800148a0 f   sfc_mex:sfc_sf.obj
 0001:00013930       sf_call_output_fcn_disable 0000000180014930 f   sfc_mex:sfc_sf.obj
 0001:000139c0       sf_clear_rtw_identifier    00000001800149c0 f   sfc_mex:sfc_sf.obj
 0001:000141e0       sf_set_encoded_dwork_info  00000001800151e0 f   sfc_mex:sfc_sf.obj
 0001:00014230       sf_get_dwork_info_from_mat_file 0000000180015230 f   sfc_mex:sfc_sf.obj
 0001:000143f0       sf_set_rtw_dwork_info      00000001800153f0 f   sfc_mex:sfc_sf.obj
 0001:00014560       mdlOutputs                 0000000180015560 f   sfc_mex:sfc_sf.obj
 0001:00014680       sf_debug_chart_instance_initialized_quick 0000000180015680 f   sfc_debug:sfcdebug.obj
 0001:00014700       sf_debug_disp              0000000180015700 f   sfc_debug:sfcdebug.obj
 0001:000149d0       sf_debug_data_runtime_size_mismatch_error_check 00000001800159d0 f   sfc_debug:sfcdebug.obj
 0001:00014a80       sf_debug_try_loading_machine 0000000180015a80 f   sfc_debug:sfcdebug.obj
 0001:00014b80       sf_debug_reset_current_state_configuration 0000000180015b80 f   sfc_debug:sfcdebug.obj
 0001:00014c00       sf_debug_store_current_state_configuration 0000000180015c00 f   sfc_debug:sfcdebug.obj
 0001:00014c80       sf_debug_restore_previous_state_configuration 0000000180015c80 f   sfc_debug:sfcdebug.obj
 0001:00014d00       sf_debug_restore_previous_state_configuration2 0000000180015d00 f   sfc_debug:sfcdebug.obj
 0001:00014d80       sf_debug_get_event_scope   0000000180015d80 f   sfc_debug:sfcdebug.obj
 0001:00014ef0       use_debugger_step_animation 0000000180015ef0 f   sfc_debug:sfcdebug.obj
 0001:00014f10       sf_debug_get_script_id     0000000180015f10 f   sfc_debug:sfcdebug.obj
 0001:00014fa0       sf_debug_set_script_translation 0000000180015fa0 f   sfc_debug:sfcdebug.obj
 0001:00015120       sf_debug_extract_message_post_receive_info 0000000180016120 f   sfc_debug:sfcdebug.obj
 0001:000152e0       sf_debug_get_current_machine_id 00000001800162e0 f   sfc_debug:sfcdebug.obj
 0001:00015300       sf_debug_get_current_optional_integer 0000000180016300 f   sfc_debug:sfcdebug.obj
 0001:00015310       sf_debug_get_current_machine_number 0000000180016310 f   sfc_debug:sfcdebug.obj
 0001:00015330       sf_debug_get_current_machine_name 0000000180016330 f   sfc_debug:sfcdebug.obj
 0001:00015350       sf_debug_get_current_chart_id 0000000180016350 f   sfc_debug:sfcdebug.obj
 0001:00015390       sf_debug_get_current_chart_number 0000000180016390 f   sfc_debug:sfcdebug.obj
 0001:000153a0       sf_debug_get_current_instance_number 00000001800163a0 f   sfc_debug:sfcdebug.obj
 0001:000153b0       sf_debug_get_current_is_minor_time_step 00000001800163b0 f   sfc_debug:sfcdebug.obj
 0001:00015430       sf_debug_get_current_object_type 0000000180016430 f   sfc_debug:sfcdebug.obj
 0001:00015440       sf_debug_get_current_instance_handle 0000000180016440 f   sfc_debug:sfcdebug.obj
 0001:000154a0       sf_debug_get_current_event_type 00000001800164a0 f   sfc_debug:sfcdebug.obj
 0001:000154b0       sf_debug_get_current_object_id 00000001800164b0 f   sfc_debug:sfcdebug.obj
 0001:000154f0       sf_debug_get_current_active_event_type 00000001800164f0 f   sfc_debug:sfcdebug.obj
 0001:00015500       sf_debug_get_current_active_event_id 0000000180016500 f   sfc_debug:sfcdebug.obj
 0001:00015540       sf_debug_get_current_tag_type 0000000180016540 f   sfc_debug:sfcdebug.obj
 0001:00015550       sf_debug_get_current_simulation_time 0000000180016550 f   sfc_debug:sfcdebug.obj
 0001:00015560       sf_debug_get_current_coverage_percentage 0000000180016560 f   sfc_debug:sfcdebug.obj
 0001:00015570       sf_debug_current_statement_context 0000000180016570 f   sfc_debug:sfcdebug.obj
 0001:000155f0       sf_debug_get_current_statement_info 00000001800165f0 f   sfc_debug:sfcdebug.obj
 0001:00015790       sf_debug_terminate_instance 0000000180016790 f   sfc_debug:sfcdebug.obj
 0001:00015ab0       sf_debug_assertion_failed  0000000180016ab0 f   sfc_debug:sfcdebug.obj
 0001:00015c80       sf_debug_create_debug_instance_struct 0000000180016c80 f   sfc_debug:sfcdebug.obj
 0001:00015cd0       sf_debug_set_number_of_data_with_change_event_for_machine 0000000180016cd0 f   sfc_debug:sfcdebug.obj
 0001:00015d20       sf_debug_set_machine_event_thresholds 0000000180016d20 f   sfc_debug:sfcdebug.obj
 0001:00015d40       sf_debug_set_machine_event_scope 0000000180016d40 f   sfc_debug:sfcdebug.obj
 0001:00015d90       sf_debug_set_machine_data_thresholds 0000000180016d90 f   sfc_debug:sfcdebug.obj
 0001:00015de0       sf_debug_set_machine_data_scope 0000000180016de0 f   sfc_debug:sfcdebug.obj
 0001:00015e80       sf_debug_set_machine_data_name 0000000180016e80 f   sfc_debug:sfcdebug.obj
 0001:00015f30       sf_debug_set_machine_data_size 0000000180016f30 f   sfc_debug:sfcdebug.obj
 0001:00016080       sf_debug_set_machine_data_type 0000000180017080 f   sfc_debug:sfcdebug.obj
 0001:000161f0       sf_debug_get_chart_data_number 00000001800171f0 f   sfc_debug:sfcdebug.obj
 0001:00016210       sf_debug_get_chart_event_number 0000000180017210 f   sfc_debug:sfcdebug.obj
 0001:00016230       sf_debug_set_chart_state_info 0000000180017230 f   sfc_debug:sfcdebug.obj
 0001:000162c0       sf_debug_set_chart_decomposition 00000001800172c0 f   sfc_debug:sfcdebug.obj
 0001:00016330       sf_debug_set_chart_substate_count 0000000180017330 f   sfc_debug:sfcdebug.obj
 0001:00016410       sf_debug_set_chart_substate_index 0000000180017410 f   sfc_debug:sfcdebug.obj
 0001:00016490       sf_debug_set_chart_state_substate_count 0000000180017490 f   sfc_debug:sfcdebug.obj
 0001:000165b0       sf_debug_set_chart_state_substate_index 00000001800175b0 f   sfc_debug:sfcdebug.obj
 0001:00016640       sf_debug_set_number_of_data_with_change_event_for_chart 0000000180017640 f   sfc_debug:sfcdebug.obj
 0001:000166d0       sf_debug_set_number_of_states_with_entry_event_for_chart 00000001800176d0 f   sfc_debug:sfcdebug.obj
 0001:00016750       sf_debug_set_number_of_states_with_exit_event_for_chart 0000000180017750 f   sfc_debug:sfcdebug.obj
 0001:000167d0       sf_debug_set_chart_disable_implicit_casting 00000001800177d0 f   sfc_debug:sfcdebug.obj
 0001:00016840       sf_debug_set_chart_event_thresholds 0000000180017840 f   sfc_debug:sfcdebug.obj
 0001:000168c0       sf_debug_set_chart_data_compiled_props 00000001800178c0 f   sfc_debug:sfcdebug.obj
 0001:00016c00       sf_debug_set_chart_data_props 0000000180017c00 f   sfc_debug:sfcdebug.obj
 0001:00016f20       sf_debug_check_fi_license  0000000180017f20 f   sfc_debug:sfcdebug.obj
 0001:000170e0       sf_debug_symbol_scope_push 00000001800180e0 f   sfc_debug:sfcdebug.obj
 0001:00017120       sf_debug_symbol_scope_push_eml 0000000180018120 f   sfc_debug:sfcdebug.obj
 0001:00017170       sf_debug_symbol_scope_pop  0000000180018170 f   sfc_debug:sfcdebug.obj
 0001:000171b0       sf_debug_symbol_scope_add_importable 00000001800181b0 f   sfc_debug:sfcdebug.obj
 0001:00017230       sf_debug_symbol_scope_add  0000000180018230 f   sfc_debug:sfcdebug.obj
 0001:000172b0       sf_debug_symbol_scope_add_dyn_importable 00000001800182b0 f   sfc_debug:sfcdebug.obj
 0001:00017370       sf_debug_symbol_scope_add_dyn 0000000180018370 f   sfc_debug:sfcdebug.obj
 0001:000173b0       sf_debug_symbol_scope_add_eml_importable 00000001800183b0 f   sfc_debug:sfcdebug.obj
 0001:000173f0       sf_debug_symbol_scope_add_eml 00000001800183f0 f   sfc_debug:sfcdebug.obj
 0001:00017430       sf_debug_symbol_scope_add_eml_dyn_importable 0000000180018430 f   sfc_debug:sfcdebug.obj
 0001:00017490       sf_debug_symbol_scope_add_eml_dyn 0000000180018490 f   sfc_debug:sfcdebug.obj
 0001:000174f0       sf_debug_symbol_switch     00000001800184f0 f   sfc_debug:sfcdebug.obj
 0001:00017510       sf_debug_symbol_scope_add_verbose 0000000180018510 f   sfc_debug:sfcdebug.obj
 0001:000175e0       sf_debug_set_machine_data_value_ptr 00000001800185e0 f   sfc_debug:sfcdebug.obj
 0001:00017620       sf_debug_set_instance_data_value_ptr 0000000180018620 f   sfc_debug:sfcdebug.obj
 0001:000176f0       sf_debug_unset_instance_data_value_ptr 00000001800186f0 f   sfc_debug:sfcdebug.obj
 0001:000177a0       sf_debug_set_chart_event_scope 00000001800187a0 f   sfc_debug:sfcdebug.obj
 0001:00017820       sf_debug_set_chart_transition_coverage_maps 0000000180018820 f   sfc_debug:sfcdebug.obj
 0001:00017920       sf_debug_set_chart_state_coverage_maps 0000000180018920 f   sfc_debug:sfcdebug.obj
 0001:000179f0       sf_debug_set_instance_transition_coverage_weights 00000001800189f0 f   sfc_debug:sfcdebug.obj
 0001:00017a80       sf_debug_set_instance_state_coverage_weights 0000000180018a80 f   sfc_debug:sfcdebug.obj
 0001:00017cd0       sf_debug_unload_machine    0000000180018cd0 f   sfc_debug:sfcdebug.obj
 0001:00017d20       sf_debug_load_machine      0000000180018d20 f   sfc_debug:sfcdebug.obj
 0001:00017e30       sf_debug_set_active_instance_in_data_dictionary 0000000180018e30 f   sfc_debug:sfcdebug.obj
 0001:00018010       sf_debug_set_active_instance 0000000180019010 f   sfc_debug:sfcdebug.obj
 0001:00018170       sf_debug_chart_visiblity_change 0000000180019170 f   sfc_debug:sfcdebug.obj
 0001:00018260       sf_debug_select_chart      0000000180019260 f   sfc_debug:sfcdebug.obj
 0001:000183c0       sf_debug_set_instance_cv_ids 00000001800193c0 f   sfc_debug:sfcdebug.obj
 0001:000186f0       sf_debug_select_charts     00000001800196f0 f   sfc_debug:sfcdebug.obj
 0001:000188a0       sf_debug_initialized       00000001800198a0 f   sfc_debug:sfcdebug.obj
 0001:000188c0       sf_debug_is_uninterruptible 00000001800198c0 f   sfc_debug:sfcdebug.obj
 0001:000188f0       sf_debug_initialize_debugger_gui 00000001800198f0 f   sfc_debug:sfcdebug.obj
 0001:00018cd0       sf_debug_resume            0000000180019cd0 f   sfc_debug:sfcdebug.obj
 0001:00018cf0       sf_debug_go                0000000180019cf0 f   sfc_debug:sfcdebug.obj
 0001:00018d00       sf_debug_break             0000000180019d00 f   sfc_debug:sfcdebug.obj
 0001:00018d10       sf_debug_step_over         0000000180019d10 f   sfc_debug:sfcdebug.obj
 0001:00018d20       sf_debug_step_out          0000000180019d20 f   sfc_debug:sfcdebug.obj
 0001:00018d30       sf_debug_set_disable_all_breakpoints 0000000180019d30 f   sfc_debug:sfcdebug.obj
 0001:00018d40       sf_debug_disable_all_breakpoints_and_go 0000000180019d40 f   sfc_debug:sfcdebug.obj
 0001:00018d50       sf_debug_break_on_chart_entry 0000000180019d50 f   sfc_debug:sfcdebug.obj
 0001:00018d60       sf_debug_break_on_event_broadcast 0000000180019d60 f   sfc_debug:sfcdebug.obj
 0001:00018d70       sf_debug_break_on_state_entry 0000000180019d70 f   sfc_debug:sfcdebug.obj
 0001:00018d80       sf_debug_break_between_times 0000000180019d80 f   sfc_debug:sfcdebug.obj
 0001:00018da0       sf_debug_browse_data       0000000180019da0 f   sfc_debug:sfcdebug.obj
 0001:00018db0       sf_debug_watch_data        0000000180019db0 f   sfc_debug:sfcdebug.obj
 0001:00018de0       sf_debug_assign_data       0000000180019de0 f   sfc_debug:sfcdebug.obj
 0001:00018df0       sf_debug_whos              0000000180019df0 f   sfc_debug:sfcdebug.obj
 0001:00018e10       sf_debug_get_consistency_info 0000000180019e10 f   sfc_debug:sfcdebug.obj
 0001:00018e20       sf_debug_browse_trace      0000000180019e20 f   sfc_debug:sfcdebug.obj
 0001:00018e30       sf_debug_set_breakpoints   0000000180019e30 f   sfc_debug:sfcdebug.obj
 0001:00018fa0       sf_debug_set_eml_breakpoints 0000000180019fa0 f   sfc_debug:sfcdebug.obj
 0001:00019100       sf_debug_set_script_breakpoints 000000018001a100 f   sfc_debug:sfcdebug.obj
 0001:00019180       sf_debug_add_script_breakpoints 000000018001a180 f   sfc_debug:sfcdebug.obj
 0001:000191f0       sf_debug_clear_script_breakpoints 000000018001a1f0 f   sfc_debug:sfcdebug.obj
 0001:00019260       sf_debug_query_script_breakpoints 000000018001a260 f   sfc_debug:sfcdebug.obj
 0001:00019310       sf_debug_get_eml_script_id 000000018001a310 f   sfc_debug:sfcdebug.obj
 0001:00019360       sf_debug_set_watch         000000018001a360 f   sfc_debug:sfcdebug.obj
 0001:00019580       sf_debug_get_instance_handle 000000018001a580 f   sfc_debug:sfcdebug.obj
 0001:00019610       sf_debug_get_active_states 000000018001a610 f   sfc_debug:sfcdebug.obj
 0001:00019620       sf_debug_set_honor_breakpoints 000000018001a620 f   sfc_debug:sfcdebug.obj
 0001:00019630       sf_debug_get_animation     000000018001a630 f   sfc_debug:sfcdebug.obj
 0001:00019640       sf_debug_set_animation     000000018001a640 f   sfc_debug:sfcdebug.obj
 0001:00019650       sf_debug_animate           000000018001a650 f   sfc_debug:sfcdebug.obj
 0001:00019670       sf_debug_cycle_detection_check 000000018001a670 f   sfc_debug:sfcdebug.obj
 0001:00019680       sf_debug_data_range_check  000000018001a680 f   sfc_debug:sfcdebug.obj
 0001:00019690       sf_debug_transition_conflict_check 000000018001a690 f   sfc_debug:sfcdebug.obj
 0001:000196a0       sf_debug_state_consistency_check 000000018001a6a0 f   sfc_debug:sfcdebug.obj
 0001:000196b0       sf_debug_data_range_check_enabled 000000018001a6b0 f   sfc_debug:sfcdebug.obj
 0001:000196d0       sf_debug_transition_conflict_check_enabled 000000018001a6d0 f   sfc_debug:sfcdebug.obj
 0001:000196f0       sf_debug_transition_conflict_check_begin 000000018001a6f0 f   sfc_debug:sfcdebug.obj
 0001:00019710       sf_debug_transition_conflict_check_end 000000018001a710 f   sfc_debug:sfcdebug.obj
 0001:00019730       sf_debug_stop_debugging    000000018001a730 f   sfc_debug:sfcdebug.obj
 0001:00019760       sf_debug_is_cycle_detected 000000018001a760 f   sfc_debug:sfcdebug.obj
 0001:00019770       sf_debug_is_array_bounds_detected 000000018001a770 f   sfc_debug:sfcdebug.obj
 0001:00019780       sf_debug_get_state_vectors_data_size 000000018001a780 f   sfc_debug:sfcdebug.obj
 0001:000197c0       sf_debug_get_state_vectors_data 000000018001a7c0 f   sfc_debug:sfcdebug.obj
 0001:000198d0       sf_debug_set_state_vectors_data 000000018001a8d0 f   sfc_debug:sfcdebug.obj
 0001:00019b60       sf_debug_get_script_index  000000018001ab60 f   sfc_debug:sfcdebug.obj
 0001:00019cf0       sf_debug_add_script        000000018001acf0 f   sfc_debug:sfcdebug.obj
 0001:00019e80       cv_eval_point              000000018001ae80 f   sfc_debug:sfcdebug.obj
 0001:00019ff0       cv_eval_testobjective      000000018001aff0 f   sfc_debug:sfcdebug.obj
 0001:0001a100       sf_debug_cv_init_state     000000018001b100 f   sfc_debug:sfcdebug.obj
 0001:0001a230       sf_debug_cv_init_chart     000000018001b230 f   sfc_debug:sfcdebug.obj
 0001:0001a320       sf_debug_cv_init_trans     000000018001b320 f   sfc_debug:sfcdebug.obj
 0001:0001a430       sf_debug_cv_init_saturation 000000018001b430 f   sfc_debug:sfcdebug.obj
 0001:0001a530       sf_debug_cv_init_testobjectives 000000018001b530 f   sfc_debug:sfcdebug.obj
 0001:0001a710       cv_eml_init_script         000000018001b710 f   sfc_debug:sfcdebug.obj
 0001:0001a830       cv_eml_init_fcn            000000018001b830 f   sfc_debug:sfcdebug.obj
 0001:0001a940       cv_eml_init_testobjective  000000018001b940 f   sfc_debug:sfcdebug.obj
 0001:0001aa20       cv_eml_init_saturation     000000018001ba20 f   sfc_debug:sfcdebug.obj
 0001:0001aaf0       cv_eml_init_if             000000018001baf0 f   sfc_debug:sfcdebug.obj
 0001:0001abd0       cv_eml_init_for            000000018001bbd0 f   sfc_debug:sfcdebug.obj
 0001:0001aca0       cv_eml_init_while          000000018001bca0 f   sfc_debug:sfcdebug.obj
 0001:0001ad70       cv_eml_init_mcdc           000000018001bd70 f   sfc_debug:sfcdebug.obj
 0001:0001ae90       cv_eml_init_switch         000000018001be90 f   sfc_debug:sfcdebug.obj
 0001:0001af90       cv_eml_eval                000000018001bf90 f   sfc_debug:sfcdebug.obj
 0001:0001b080       sf_debug_bm_is_a_eml_breakpoint 000000018001c080 f   sfc_debug:sfcdebug.obj
 0001:0001b1d0       sf_debug_temporal_threshold 000000018001c1d0 f   sfc_debug:sfcdebug.obj
 0001:0001b540       sf_debug_transition_conflict_error 000000018001c540 f   sfc_debug:sfcdebug.obj
 0001:0001b8a0       sf_debug_state_inconsistency_error 000000018001c8a0 f   sfc_debug:sfcdebug.obj
 0001:0001b9c0       sf_debug_check_for_state_inconsistency 000000018001c9c0 f   sfc_debug:sfcdebug.obj
 0001:0001ba00       sf_debug_cycle_detecton_error 000000018001ca00 f   sfc_debug:sfcdebug.obj
 0001:0001c150       sf_debug_size_eq_check_1d  000000018001d150 f   sfc_debug:sfcdebug.obj
 0001:0001c170       sf_debug_size_eq_check_nd  000000018001d170 f   sfc_debug:sfcdebug.obj
 0001:0001c370       sf_debug_dim_size_eq_check 000000018001d370 f   sfc_debug:sfcdebug.obj
 0001:0001c3a0       sf_debug_dim_size_geq_check 000000018001d3a0 f   sfc_debug:sfcdebug.obj
 0001:0001c3d0       sf_debug_sub_assign_size_check_nd 000000018001d3d0 f   sfc_debug:sfcdebug.obj
 0001:0001c5b0       sf_debug_matrix_matrix_index_check 000000018001d5b0 f   sfc_debug:sfcdebug.obj
 0001:0001c600       sf_debug_vector_vector_index_check 000000018001d600 f   sfc_debug:sfcdebug.obj
 0001:0001c650       sf_debug_for_loop_vector_check 000000018001d650 f   sfc_debug:sfcdebug.obj
 0001:0001c6f0       sf_debug_runtime_error_msgid 000000018001d6f0 f   sfc_debug:sfcdebug.obj
 0001:0001c790       sf_debug_data_array_bounds_error_check 000000018001d790 f   sfc_debug:sfcdebug.obj
 0001:0001c8a0       sf_debug_eml_data_array_bounds_error_check 000000018001d8a0 f   sfc_debug:sfcdebug.obj
 0001:0001cd60       sf_debug_integer_check     000000018001dd60 f   sfc_debug:sfcdebug.obj
 0001:0001ce50       sf_debug_not_nan_check     000000018001de50 f   sfc_debug:sfcdebug.obj
 0001:0001cf20       sf_debug_non_negative_check 000000018001df20 f   sfc_debug:sfcdebug.obj
 0001:0001cff0       sf_debug_overflow_detection 000000018001dff0 f   sfc_debug:sfcdebug.obj
 0001:0001d650       sf_debug_cast_to_real32_T  000000018001e650 f   sfc_debug:sfcdebug.obj
 0001:0001d720       sf_debug_cast_to_int8_T    000000018001e720 f   sfc_debug:sfcdebug.obj
 0001:0001d7f0       sf_debug_cast_to_uint8_T   000000018001e7f0 f   sfc_debug:sfcdebug.obj
 0001:0001d8c0       sf_debug_cast_to_int16_T   000000018001e8c0 f   sfc_debug:sfcdebug.obj
 0001:0001d990       sf_debug_cast_to_uint16_T  000000018001e990 f   sfc_debug:sfcdebug.obj
 0001:0001da60       sf_debug_cast_to_int32_T   000000018001ea60 f   sfc_debug:sfcdebug.obj
 0001:0001db30       sf_debug_cast_to_uint32_T  000000018001eb30 f   sfc_debug:sfcdebug.obj
 0001:0001dc00       sf_debug_data_range_error  000000018001ec00 f   sfc_debug:sfcdebug.obj
 0001:0001df10       sf_debug_read_before_write_check 000000018001ef10 f   sfc_debug:sfcdebug.obj
 0001:0001e340       sf_debug_data_range_error_wrapper_min_max 000000018001f340 f   sfc_debug:sfcdebug.obj
 0001:0001e460       sf_debug_data_range_error_wrapper_min 000000018001f460 f   sfc_debug:sfcdebug.obj
 0001:0001e570       sf_debug_data_range_error_wrapper_max 000000018001f570 f   sfc_debug:sfcdebug.obj
 0001:0001e680       sf_debug_data_range_wrapper 000000018001f680 f   sfc_debug:sfcdebug.obj
 0001:0001e740       sf_debug_set_current_status_info 000000018001f740 f   sfc_debug:sfcdebug.obj
 0001:0001eae0       sf_debug_register_message_post_receive_info 000000018001fae0 f   sfc_debug:sfcdebug.obj
 0001:0001ed30       sf_debug_call              000000018001fd30 f   sfc_debug:sfcdebug.obj
 0001:0001f690       sf_debug_initialize_machine 0000000180020690 f   sfc_debug:sfcdebug.obj
 0001:0001f940       sf_debug_initialize_chart  0000000180020940 f   sfc_debug:sfcdebug.obj
 0001:0001fd90       sf_debug_ensure_script     0000000180020d90 f   sfc_debug:sfcdebug.obj
 0001:0001fe40       cv_eval_saturation         0000000180020e40 f   sfc_debug:sfcdebug.obj
 0001:0001ffc0       cv_saturation_accum        0000000180020fc0 f   sfc_debug:sfcdebug.obj
 0001:00020100       cv_script_init_script      0000000180021100 f   sfc_debug:sfcdebug.obj
 0001:000201f0       cv_script_init_fcn         00000001800211f0 f   sfc_debug:sfcdebug.obj
 0001:000202b0       cv_script_init_testobjective 00000001800212b0 f   sfc_debug:sfcdebug.obj
 0001:00020370       cv_script_init_saturation  0000000180021370 f   sfc_debug:sfcdebug.obj
 0001:00020420       cv_script_init_if          0000000180021420 f   sfc_debug:sfcdebug.obj
 0001:000204e0       cv_script_init_for         00000001800214e0 f   sfc_debug:sfcdebug.obj
 0001:00020590       cv_script_init_while       0000000180021590 f   sfc_debug:sfcdebug.obj
 0001:00020640       cv_script_init_mcdc        0000000180021640 f   sfc_debug:sfcdebug.obj
 0001:00020740       cv_script_init_switch      0000000180021740 f   sfc_debug:sfcdebug.obj
 0001:00020820       cv_script_eval             0000000180021820 f   sfc_debug:sfcdebug.obj
 0001:000208f0       eml_debug_line_call        00000001800218f0 f   sfc_debug:sfcdebug.obj
 0001:00020ac0       sf_debug_terminate         0000000180021ac0 f   sfc_debug:sfcdebug.obj
 0001:00020cd0       sf_debug_set_script_cv_ids 0000000180021cd0 f   sfc_debug:sfcdebug.obj
 0001:00020e00       sf_debug_api               0000000180021e00 f   sfc_debug:sfc_api.obj
 0001:000226f0       sf_debug_sm_terminate      00000001800236f0 f   sfc_debug:sfdb_animation.obj
 0001:000228a0       sf_debug_reset_path_objects 00000001800238a0 f   sfc_debug:sfdb_animation.obj
 0001:00022920       sf_debug_sm_reset_object_selection_status 0000000180023920 f   sfc_debug:sfdb_animation.obj
 0001:000229c0       sf_debug_sm_reset_state_buffer 00000001800239c0 f   sfc_debug:sfdb_animation.obj
 0001:00022a90       sf_debug_sm_store_state_buffer 0000000180023a90 f   sfc_debug:sfdb_animation.obj
 0001:00022b10       sf_debug_sm_restore_state_buffer1 0000000180023b10 f   sfc_debug:sfdb_animation.obj
 0001:00022b80       sf_debug_sm_restore_state_buffer2 0000000180023b80 f   sfc_debug:sfdb_animation.obj
 0001:00022bf0       sf_debug_sm_chart_active   0000000180023bf0 f   sfc_debug:sfdb_animation.obj
 0001:00022c40       sf_debug_sm_select_active_objects 0000000180023c40 f   sfc_debug:sfdb_animation.obj
 0001:00023110       sf_debug_sm_is_chart_active 0000000180024110 f   sfc_debug:sfdb_animation.obj
 0001:00023150       sf_debug_sm_is_state_active 0000000180024150 f   sfc_debug:sfdb_animation.obj
 0001:00023390       sf_debug_sm_get_active_states 0000000180024390 f   sfc_debug:sfdb_animation.obj
 0001:00023940       sf_debug_sm_initialize_instance 0000000180024940 f   sfc_debug:sfdb_animation.obj
 0001:00023b50       sf_debug_sm_change_object_selection_status 0000000180024b50 f   sfc_debug:sfdb_animation.obj
 0001:00023e20       cv_create_interface        0000000180024e20 f   sfc_debug:cv_sfinterface.obj
 0001:00024130       cv_init_trans              0000000180025130 f   sfc_debug:cv_sfinterface.obj
 0001:00024180       cv_init_saturation         0000000180025180 f   sfc_debug:cv_sfinterface.obj
 0001:000241c0       cv_init_testobjective      00000001800251c0 f   sfc_debug:cv_sfinterface.obj
 0001:00024200       cv_init_state              0000000180025200 f   sfc_debug:cv_sfinterface.obj
 0001:00024270       cv_init_chart              0000000180025270 f   sfc_debug:cv_sfinterface.obj
 0001:000242c0       cv_dec_update_call         00000001800252c0 f   sfc_debug:cv_sfinterface.obj
 0001:00024300       cv_cond_update_call        0000000180025300 f   sfc_debug:cv_sfinterface.obj
 0001:00024340       cv_saturation_update_call  0000000180025340 f   sfc_debug:cv_sfinterface.obj
 0001:00024380       cv_saturation_update_accum 0000000180025380 f   sfc_debug:cv_sfinterface.obj
 0001:000243c0       cv_testobjective_update_call 00000001800253c0 f   sfc_debug:cv_sfinterface.obj
 0001:00024400       cv_sigrange_update         0000000180025400 f   sfc_debug:cv_sfinterface.obj
 0001:00024440       cvsf_eml_eval              0000000180025440 f   sfc_debug:cv_sfinterface.obj
 0001:00024520       cvsf_eml_init_script       0000000180025520 f   sfc_debug:cv_sfinterface.obj
 0001:000245b0       cvsf_eml_init_fcn          00000001800255b0 f   sfc_debug:cv_sfinterface.obj
 0001:00024610       cvsf_eml_init_testobjective 0000000180025610 f   sfc_debug:cv_sfinterface.obj
 0001:00024670       cvsf_eml_init_saturation   0000000180025670 f   sfc_debug:cv_sfinterface.obj
 0001:000246c0       cvsf_eml_init_if           00000001800256c0 f   sfc_debug:cv_sfinterface.obj
 0001:00024720       cvsf_eml_init_for          0000000180025720 f   sfc_debug:cv_sfinterface.obj
 0001:00024770       cvsf_eml_init_while        0000000180025770 f   sfc_debug:cv_sfinterface.obj
 0001:000247c0       cvsf_eml_init_mcdc         00000001800257c0 f   sfc_debug:cv_sfinterface.obj
 0001:00024850       cvsf_eml_init_switch       0000000180025850 f   sfc_debug:cv_sfinterface.obj
 0001:000248c0       cvsf_script_eval           00000001800258c0 f   sfc_debug:cv_sfinterface.obj
 0001:000249a0       cvsf_script_init_script    00000001800259a0 f   sfc_debug:cv_sfinterface.obj
 0001:00024a30       cvsf_script_init_fcn       0000000180025a30 f   sfc_debug:cv_sfinterface.obj
 0001:00024a90       cvsf_script_init_testobjective 0000000180025a90 f   sfc_debug:cv_sfinterface.obj
 0001:00024af0       cvsf_script_init_saturation 0000000180025af0 f   sfc_debug:cv_sfinterface.obj
 0001:00024b40       cvsf_script_init_if        0000000180025b40 f   sfc_debug:cv_sfinterface.obj
 0001:00024ba0       cvsf_script_init_for       0000000180025ba0 f   sfc_debug:cv_sfinterface.obj
 0001:00024bf0       cvsf_script_init_while     0000000180025bf0 f   sfc_debug:cv_sfinterface.obj
 0001:00024c40       cvsf_script_init_mcdc      0000000180025c40 f   sfc_debug:cv_sfinterface.obj
 0001:00024cd0       cvsf_script_init_switch    0000000180025cd0 f   sfc_debug:cv_sfinterface.obj
 0001:00024d40       cv_destroy_interface       0000000180025d40 f   sfc_debug:cv_sfinterface.obj
 0001:00024d60       cv_create_instance_objects 0000000180025d60 f   sfc_debug:cv_sfinterface.obj
 0001:000251d0       cv_is_enabled              00000001800261d0 f   sfc_debug:cv_sfinterface.obj
 0001:000251e0       sf_debug_cv_initialize_script 00000001800261e0 f   sfc_debug:cv_sfinterface.obj
 0001:00025370       sf_debug_cv_initialize_instance 0000000180026370 f   sfc_debug:cv_sfinterface.obj
 0001:00025700       sf_debug_cv_terminate_chart 0000000180026700 f   sfc_debug:cv_sfinterface.obj
 0001:00025820       cv_call_trans_test         0000000180026820 f   sfc_debug:cv_sfinterface.obj
 0001:00025830       cv_call_sub_cond_test      0000000180026830 f   sfc_debug:cv_sfinterface.obj
 0001:00025870       sf_debug_st_initialize_machine 0000000180026870 f   sfc_debug:sfdb_data_browse.obj
 0001:00025920       sf_debug_st_initialize_instance 0000000180026920 f   sfc_debug:sfdb_data_browse.obj
 0001:00025b30       sf_debug_st_terminate      0000000180026b30 f   sfc_debug:sfdb_data_browse.obj
 0001:00025ed0       sf_debug_st_set_data_value_ptr_in_machine 0000000180026ed0 f   sfc_debug:sfdb_data_browse.obj
 0001:00025f60       sf_debug_st_set_data_value_ptr_in_instance 0000000180026f60 f   sfc_debug:sfdb_data_browse.obj
 0001:00026040       sf_debug_st_unset_data_value_ptr_in_machine 0000000180027040 f   sfc_debug:sfdb_data_browse.obj
 0001:000260b0       sf_debug_st_unset_data_value_ptr_in_instance 00000001800270b0 f   sfc_debug:sfdb_data_browse.obj
 0001:00026370       sf_debug_mx_value          0000000180027370 f   sfc_debug:sfdb_data_browse.obj
 0001:000263d0       sf_debug_mx_packed_vector  00000001800273d0 f   sfc_debug:sfdb_data_browse.obj
 0001:000264b0       sf_debug_mx_uint_vector    00000001800274b0 f   sfc_debug:sfdb_data_browse.obj
 0001:00026560       sf_debug_st_get_double_value_from_void_ptr_vector 0000000180027560 f   sfc_debug:sfdb_data_browse.obj
 0001:00027040       sf_debug_st_browse_data    0000000180028040 f   sfc_debug:sfdb_data_browse.obj
 0001:00027880       sf_debug_hm_initialize_instance 0000000180028880 f   sfc_debug:sfdb_handle_management.obj
 0001:00027d60       sf_debug_hm_get_object_id  0000000180028d60 f   sfc_debug:sfdb_handle_management.obj
 0001:00028910       sf_debug_hm_update_chart_visibility 0000000180029910 f   sfc_debug:sfdb_handle_management.obj
 0001:00029b00       sf_debug_object_is_eml_function 000000018002ab00 f   sfc_debug:sfdb_handle_management.obj
 0001:00029b70       sf_debug_hm_initialize_ids_in_machine 000000018002ab70 f   sfc_debug:sfdb_handle_management.obj
 0001:00029ce0       sf_debug_hm_initialize_ids_in_chart 000000018002ace0 f   sfc_debug:sfdb_handle_management.obj
 0001:00029de0       sf_debug_hm_initialize_chart 000000018002ade0 f   sfc_debug:sfdb_handle_management.obj
 0001:0002a4e0       sf_debug_hm_terminate      000000018002b4e0 f   sfc_debug:sfdb_handle_management.obj
 0001:0002a540       sf_debug_hm_initialize_machine 000000018002b540 f   sfc_debug:sfdb_handle_management.obj
 0001:0002ac60       sf_debug_ss_initialize     000000018002bc60 f   sfc_debug:sfdb_symbol_scope.obj
 0001:0002ac80       sf_debug_ss_terminate      000000018002bc80 f   sfc_debug:sfdb_symbol_scope.obj
 0001:0002ad10       sf_debug_ss_push_symbol_scope 000000018002bd10 f   sfc_debug:sfdb_symbol_scope.obj
 0001:0002ae10       sf_debug_ss_push_symbol_scope_eml 000000018002be10 f   sfc_debug:sfdb_symbol_scope.obj
 0001:0002ae70       sf_debug_ss_pop_symbol_scope 000000018002be70 f   sfc_debug:sfdb_symbol_scope.obj
 0001:0002af20       sf_debug_ss_add_symbol     000000018002bf20 f   sfc_debug:sfdb_symbol_scope.obj
 0001:0002b090       sf_debug_ss_add_symbol_eml 000000018002c090 f   sfc_debug:sfdb_symbol_scope.obj
 0001:0002bf90       sf_debug_ss_set_data_value 000000018002cf90 f   sfc_debug:sfdb_symbol_scope.obj
 0001:0002c3e0       getInstanceNumber          000000018002d3e0 f   sfc_debug:sfdb_symbol_scope.obj
 0001:0002c4b0       sf_debug_ss_watch_data     000000018002d4b0 f   sfc_debug:sfdb_symbol_scope.obj
 0001:0002c6a0       sf_debug_ss_assign_data    000000018002d6a0 f   sfc_debug:sfdb_symbol_scope.obj
 0001:0002d0b0       get_data_entry_name        000000018002e0b0 f   sfc_debug:sfdb_symbol_scope.obj
 0001:0002d100       sf_debug_ss_whos           000000018002e100 f   sfc_debug:sfdb_symbol_scope.obj
 0001:0002d750       sf_debug_cc_initialize_chart 000000018002e750 f   sfc_debug:sfdb_coverage.obj
 0001:0002e140       sf_debug_cc_initialize_instance 000000018002f140 f   sfc_debug:sfdb_coverage.obj
 0001:0002ee80       sf_debug_cc_terminate      000000018002fe80 f   sfc_debug:sfdb_coverage.obj
 0001:0002ef70       sf_debug_cc_set_transition_maps 000000018002ff70 f   sfc_debug:sfdb_coverage.obj
 0001:0002f0a0       sf_debug_cc_set_state_maps 00000001800300a0 f   sfc_debug:sfdb_coverage.obj
 0001:0002f180       sf_debug_cc_set_transition_weights 0000000180030180 f   sfc_debug:sfdb_coverage.obj
 0001:0002f440       sf_debug_cc_set_state_weights 0000000180030440 f   sfc_debug:sfdb_coverage.obj
 0001:0002f710       sf_debug_cc_mark_transition_guard 0000000180030710 f   sfc_debug:sfdb_coverage.obj
 0001:0002f7a0       sf_debug_cc_mark_transition_trigger 00000001800307a0 f   sfc_debug:sfdb_coverage.obj
 0001:0002f830       sf_debug_cc_mark_transition_decision 0000000180030830 f   sfc_debug:sfdb_coverage.obj
 0001:0002f8a0       sf_debug_cc_mark_transition_condition_action 00000001800308a0 f   sfc_debug:sfdb_coverage.obj
 0001:0002f8f0       sf_debug_cc_mark_transition_transition_action 00000001800308f0 f   sfc_debug:sfdb_coverage.obj
 0001:0002f940       sf_debug_cc_mark_state_entry 0000000180030940 f   sfc_debug:sfdb_coverage.obj
 0001:0002f990       sf_debug_cc_mark_state_during 0000000180030990 f   sfc_debug:sfdb_coverage.obj
 0001:0002f9e0       sf_debug_cc_mark_state_exit 00000001800309e0 f   sfc_debug:sfdb_coverage.obj
 0001:0002fa30       sf_debug_bm_clear_script_breakpoints 0000000180030a30 f   sfc_debug:sfdb_breakpoints.obj
 0001:0002fa60       sf_debug_bm_set_script_breakpoint 0000000180030a60 f   sfc_debug:sfdb_breakpoints.obj
 0001:0002fae0       sf_debug_bm_clear_single_script_breakpoint 0000000180030ae0 f   sfc_debug:sfdb_breakpoints.obj
 0001:0002fb60       sf_debug_bm_query_script_breakpoint 0000000180030b60 f   sfc_debug:sfdb_breakpoints.obj
 0001:0002fbb0       sf_debug_bm_initialize_scripts 0000000180030bb0 f   sfc_debug:sfdb_breakpoints.obj
 0001:00030240       sf_debug_bm_terminate      0000000180031240 f   sfc_debug:sfdb_breakpoints.obj
 0001:00030520       sf_debug_bm_remove_all_breakpoints_in_machine 0000000180031520 f   sfc_debug:sfdb_breakpoints.obj
 0001:00030580       sf_debug_bm_remove_all_breakpoints_in_chart 0000000180031580 f   sfc_debug:sfdb_breakpoints.obj
 0001:000306d0       sf_debug_bm_initialize_global_breakpoints 00000001800316d0 f   sfc_debug:sfdb_breakpoints.obj
 0001:00030850       sf_debug_bm_set_breakpoint 0000000180031850 f   sfc_debug:sfdb_breakpoints.obj
 0001:00030e10       sf_debug_bm_set_eml_breakpoint 0000000180031e10 f   sfc_debug:sfdb_breakpoints.obj
 0001:00030ea0       sf_debug_bm_initialize_machine_breakpoint_map 0000000180031ea0 f   sfc_debug:sfdb_breakpoints.obj
 0001:000312c0       sf_debug_bm_is_a_breakpoint 00000001800322c0 f   sfc_debug:sfdb_breakpoints.obj
 0001:000317e0       sf_debug_bm_get_all_breakpoints_in_machine 00000001800327e0 f   sfc_debug:sfdb_breakpoints.obj
 0001:00031ae0       sf_debug_bm_get_all_breakpoints_in_chart 0000000180032ae0 f   sfc_debug:sfdb_breakpoints.obj
 0001:00032670       sf_debug_bm_initialize_machine 0000000180033670 f   sfc_debug:sfdb_breakpoints.obj
 0001:00032740       sf_debug_bm_initialize_chart 0000000180033740 f   sfc_debug:sfdb_breakpoints.obj
 0001:00032b30       sf_debug_sc_terminate      0000000180033b30 f   sfc_debug:sfdb_state_consistency.obj
 0001:00032e50       sf_debug_sc_is_chart_consistent 0000000180033e50 f   sfc_debug:sfdb_state_consistency.obj
 0001:00033100       sf_debug_sc_get_consistency_error_info 0000000180034100 f   sfc_debug:sfdb_state_consistency.obj
 0001:00033510       sf_debug_tm_terminate      0000000180034510 f   sfc_debug:sfdb_call_stack.obj
 0001:000335c0       sf_debug_tm_push_chart_instance 00000001800345c0 f   sfc_debug:sfdb_call_stack.obj
 0001:00033700       sf_debug_tm_pop_chart_instance 0000000180034700 f   sfc_debug:sfdb_call_stack.obj
 0001:00033760       sf_debug_tm_push_trace_node 0000000180034760 f   sfc_debug:sfdb_call_stack.obj
 0001:000338e0       sf_debug_tm_pop_trace_node 00000001800348e0 f   sfc_debug:sfdb_call_stack.obj
 0001:00033960       sf_debug_tm_get_current_global_trace_index 0000000180034960 f   sfc_debug:sfdb_call_stack.obj
 0001:00033970       sf_debug_tm_get_current_local_trace_index 0000000180034970 f   sfc_debug:sfdb_call_stack.obj
 0001:000339a0       sf_debug_tm_set_cycle_detected_flag 00000001800349a0 f   sfc_debug:sfdb_call_stack.obj
 0001:000339e0       sf_debug_tm_set_cycle_started_flag 00000001800349e0 f   sfc_debug:sfdb_call_stack.obj
 0001:00033a20       sf_debug_tm_get_chart_number_from_stack 0000000180034a20 f   sfc_debug:sfdb_call_stack.obj
 0001:00033c20       sf_debug_tm_browse_trace   0000000180034c20 f   sfc_debug:sfdb_call_stack.obj
 0001:00033f30       sf_debug_cd_initialize_instance 0000000180034f30 f   sfc_debug:sfdb_cycle_detection.obj
 0001:000341e0       sf_debug_cd_mark_processed_transition_in_instance 00000001800351e0 f   sfc_debug:sfdb_cycle_detection.obj
 0001:00034280       sf_debug_cd_checksum_push  0000000180035280 f   sfc_debug:sfdb_cycle_detection.obj
 0001:00034530       sf_debug_cd_checksum_pop   0000000180035530 f   sfc_debug:sfdb_cycle_detection.obj
 0001:000345a0       sf_debug_cd_turn_off_cycle_detection 00000001800355a0 f   sfc_debug:sfdb_cycle_detection.obj
 0001:000345f0       sf_debug_cd_terminate      00000001800355f0 f   sfc_debug:sfdb_cycle_detection.obj
 0001:00034820       md5_initialize_state       0000000180035820 f   sfc_debug:ckmd5.obj
 0001:000352b0       md5_update_state           00000001800362b0 f   sfc_debug:ckmd5.obj
 0001:000352d0       md5_get_hash               00000001800362d0 f   sfc_debug:ckmd5.obj
 0001:00035300       md5_get_hash_for_a_single_string 0000000180036300 f   sfc_debug:ckmd5.obj
 0001:00035360       mxGetPr                    0000000180036360 f   libmx:libmx.dll
 0001:00035366       mxCreateDoubleScalar       0000000180036366 f   libmx:libmx.dll
 0001:0003536c       mxCreateDoubleMatrix_730   000000018003636c f   libmx:libmx.dll
 0001:00035372       mxSetField_730             0000000180036372 f   libmx:libmx.dll
 0001:00035378       mxCreateString             0000000180036378 f   libmx:libmx.dll
 0001:0003537e       mxCreateStructMatrix_730   000000018003637e f   libmx:libmx.dll
 0001:00035384       mxCreateCellMatrix_730     0000000180036384 f   libmx:libmx.dll
 0001:0003538a       mxDestroyArray             000000018003638a f   libmx:libmx.dll
 0001:00035390       mxDuplicateArray           0000000180036390 f   libmx:libmx.dll
 0001:00035396       mxGetString_730            0000000180036396 f   libmx:libmx.dll
 0001:0003539c       mxIsChar                   000000018003639c f   libmx:libmx.dll
 0001:000353a2       mxGetClassID               00000001800363a2 f   libmx:libmx.dll
 0001:000353a8       mxIsNumeric                00000001800363a8 f   libmx:libmx.dll
 0001:000353ae       mxIsComplex                00000001800363ae f   libmx:libmx.dll
 0001:000353b4       mxGetN                     00000001800363b4 f   libmx:libmx.dll
 0001:000353ba       mxGetM                     00000001800363ba f   libmx:libmx.dll
 0001:000353c0       mxCalloc                   00000001800363c0 f   libmx:libmx.dll
 0001:000353c6       mxGetScalar                00000001800363c6 f   libmx:libmx.dll
 0001:000353cc       mxIsLogical                00000001800363cc f   libmx:libmx.dll
 0001:000353d2       mxCreateDoubleMatrix_700   00000001800363d2 f   libmx:libmx.dll
 0001:000353d8       mxFree                     00000001800363d8 f   libmx:libmx.dll
 0001:000353de       mxArrayToString            00000001800363de f   libmx:libmx.dll
 0001:000353e4       mxCreateCellMatrix_700     00000001800363e4 f   libmx:libmx.dll
 0001:000353ea       mxSetCell_700              00000001800363ea f   libmx:libmx.dll
 0001:000353f0       mxGetCell_700              00000001800363f0 f   libmx:libmx.dll
 0001:000353f6       mxGetClassName             00000001800363f6 f   libmx:libmx.dll
 0001:000353fc       mxSetField_700             00000001800363fc f   libmx:libmx.dll
 0001:00035402       mxAddField                 0000000180036402 f   libmx:libmx.dll
 0001:00035408       mxGetField_700             0000000180036408 f   libmx:libmx.dll
 0001:0003540e       mxGetNumberOfElements      000000018003640e f   libmx:libmx.dll
 0001:00035414       mxIsStruct                 0000000180036414 f   libmx:libmx.dll
 0001:0003541a       mxIsA                      000000018003641a f   libmx:libmx.dll
 0001:00035420       mxIsClass                  0000000180036420 f   libmx:libmx.dll
 0001:00035426       mxGetLogicals              0000000180036426 f   libmx:libmx.dll
 0001:0003542c       mxIsSparse                 000000018003642c f   libmx:libmx.dll
 0001:00035432       mxSetFieldByNumber_700     0000000180036432 f   libmx:libmx.dll
 0001:00035438       mxGetFieldByNumber_700     0000000180036438 f   libmx:libmx.dll
 0001:0003543e       mxGetFieldNameByNumber     000000018003643e f   libmx:libmx.dll
 0001:00035444       mxGetNumberOfFields        0000000180036444 f   libmx:libmx.dll
 0001:0003544a       mxCreateStructMatrix_700   000000018003644a f   libmx:libmx.dll
 0001:00035450       mxGetFieldNumber           0000000180036450 f   libmx:libmx.dll
 0001:00035456       mxIsNaN                    0000000180036456 f   libmx:libmx.dll
 0001:0003545c       mxIsEmpty                  000000018003645c f   libmx:libmx.dll
 0001:00035462       mxGetData                  0000000180036462 f   libmx:libmx.dll
 0001:00035468       mxGetImagData              0000000180036468 f   libmx:libmx.dll
 0001:0003546e       mxArrayClassIDName         000000018003646e f   libmx:libmx.dll
 0001:00035474       mxCreateNumericMatrix_700  0000000180036474 f   libmx:libmx.dll
 0001:0003547a       mxCreateStructArray_700    000000018003647a f   libmx:libmx.dll
 0001:00035480       mxCalcSingleSubscript_700  0000000180036480 f   libmx:libmx.dll
 0001:00035486       mxGetDimensions_700        0000000180036486 f   libmx:libmx.dll
 0001:0003548c       mxGetNumberOfDimensions_700 000000018003648c f   libmx:libmx.dll
 0001:00035492       mxCreateNumericArray_700   0000000180036492 f   libmx:libmx.dll
 0001:00035498       mxGetElementSize           0000000180036498 f   libmx:libmx.dll
 0001:0003549e       mxCreateStringFromNChars_700 000000018003649e f   libmx:libmx.dll
 0001:000354a4       mxGetString_700            00000001800364a4 f   libmx:libmx.dll
 0001:000354aa       mxIsLogicalScalarTrue      00000001800364aa f   libmx:libmx.dll
 0001:000354b0       mxCreateLogicalScalar      00000001800364b0 f   libmx:libmx.dll
 0001:000354b6       mexUnlock                  00000001800364b6 f   libmex:libmex.dll
 0001:000354bc       mexIsLocked                00000001800364bc f   libmex:libmex.dll
 0001:000354c2       mexWarnMsgTxt              00000001800364c2 f   libmex:libmex.dll
 0001:000354c8       mexCallMATLAB              00000001800364c8 f   libmex:libmex.dll
 0001:000354ce       mexErrMsgTxt               00000001800364ce f   libmex:libmex.dll
 0001:000354d4       mexMakeArrayPersistent     00000001800364d4 f   libmex:libmex.dll
 0001:000354da       mexSetTrapFlag             00000001800364da f   libmex:libmex.dll
 0001:000354e0       mexPutVariable             00000001800364e0 f   libmex:libmex.dll
 0001:000354e6       mexGetVariable             00000001800364e6 f   libmex:libmex.dll
 0001:000354ec       mexLock                    00000001800364ec f   libmex:libmex.dll
 0001:000354f2       mexMakeMemoryPersistent    00000001800364f2 f   libmex:libmex.dll
 0001:000354f8       mexFunctionName            00000001800364f8 f   libmex:libmex.dll
 0001:000354fe       ssRegisterDataTypeFxpFSlopeFixExpBias 00000001800364fe f   libfixedpoint:libfixedpoint.dll
 0001:00035504       ssRegisterDataTypeFxpScaledDouble 0000000180036504 f   libfixedpoint:libfixedpoint.dll
 0001:0003550a       utMalloc                   000000018003650a f   libut:libut.dll
 0001:00035510       utFree                     0000000180036510 f   libut:libut.dll
 0001:00035516       utVSNprintf                0000000180036516 f   libut:libut.dll
 0001:0003551c       utCPUtime                  000000018003651c f   libut:libut.dll
 0001:00035522       utCalloc                   0000000180036522 f   libut:libut.dll
 0001:00035528       utRealloc                  0000000180036528 f   libut:libut.dll
 0001:0003552e       muDoubleScalarCos          000000018003652e f   libmwmathutil:libmwmathutil.dll
 0001:00035534       emlrtCreateRootTLS         0000000180036534 f   libemlrt:libemlrt.dll
 0001:0003553a       emlrtDestroyRootTLS        000000018003653a f   libemlrt:libemlrt.dll
 0001:00035540       emlrtCheckBuiltInR2012b    0000000180036540 f   libemlrt:libemlrt.dll
 0001:00035546       emlrtCheckVsBuiltInR2012b  0000000180036546 f   libemlrt:libemlrt.dll
 0001:0003554c       emlrtCheckEnumR2012b       000000018003654c f   libemlrt:libemlrt.dll
 0001:00035552       emlrtCreateEnumR2012b      0000000180036552 f   libemlrt:libemlrt.dll
 0001:00035558       emlrtGetEnumElementR2009a  0000000180036558 f   libemlrt:libemlrt.dll
 0001:0003555e       emlrtCreateReference       000000018003655e f   libemlrt:libemlrt.dll
 0001:00035564       emlrtImportVsFiArrayR2009b 0000000180036564 f   libemlrt:libemlrt.dll
 0001:0003556a       emlrtNameCapturePostProcessR2012a 000000018003656a f   libemlrt:libemlrt.dll
 0001:00035570       emlrtExtractMessageId      0000000180036570 f   libemlrt:libemlrt.dll
 0001:00035576       emlrtTranslateMessageIDtoLCPstring 0000000180036576 f   libemlrt:libemlrt.dll
 0001:0003557c       emlrtForLoopVectorIsValidR2011b 000000018003657c f   libemlrt:libemlrt.dll
 0001:00035582       emlrtTranslateUTF16MessagetoLCPstring 0000000180036582 f   libemlrt:libemlrt.dll
 0001:00035588       emlrtGetEnumUnderlyingArrayR2009a 0000000180036588 f   libemlrt:libemlrt.dll
 0001:0003558e       emlrtIsEnumR2009a          000000018003658e f   libemlrt:libemlrt.dll
 0001:00035594       __GSHandlerCheckCommon     0000000180036594 f   MSVCRT:gshandler.obj
 0001:000355f8       __GSHandlerCheck           00000001800365f8 f   MSVCRT:gshandler.obj
 0001:00035616       strlen                     0000000180036616 f   MSVCRT:MSVCR100.dll
 0001:00035630       __security_check_cookie    0000000180036630 f   MSVCRT:amdsecgs.obj
 0001:00035650       memset                     0000000180036650 f   MSVCRT:MSVCR100.dll
 0001:00035656       strcmp                     0000000180036656 f   MSVCRT:MSVCR100.dll
 0001:0003565c       free                       000000018003665c f   MSVCRT:MSVCR100.dll
 0001:00035662       sprintf                    0000000180036662 f   MSVCRT:MSVCR100.dll
 0001:00035668       malloc                     0000000180036668 f   MSVCRT:MSVCR100.dll
 0001:0003566e       strcat                     000000018003666e f   MSVCRT:MSVCR100.dll
 0001:00035674       memcpy                     0000000180036674 f   MSVCRT:MSVCR100.dll
 0001:0003567c       NtCurrentTeb               000000018003667c f i MSVCRT:crtdll.obj
 0001:000356e8       _CRT_INIT                  00000001800366e8 f   MSVCRT:crtdll.obj
 0001:00035a80       _DllMainCRTStartup         0000000180036a80 f   MSVCRT:crtdll.obj
 0001:00035abe       strncpy                    0000000180036abe f   MSVCRT:MSVCR100.dll
 0001:00035ae0       __chkstk                   0000000180036ae0 f   MSVCRT:chkstk.obj
 0001:00035ae0       _alloca_probe              0000000180036ae0     MSVCRT:chkstk.obj
 0001:00035b2e       longjmp                    0000000180036b2e f   MSVCRT:MSVCR100.dll
 0001:00035b34       strncmp                    0000000180036b34 f   MSVCRT:MSVCR100.dll
 0001:00035b3a       ceil                       0000000180036b3a f   MSVCRT:MSVCR100.dll
 0001:00035b40       strrchr                    0000000180036b40 f   MSVCRT:MSVCR100.dll
 0001:00035b46       _setjmp                    0000000180036b46 f   MSVCRT:MSVCR100.dll
 0001:00035b4c       ldexp                      0000000180036b4c f   MSVCRT:MSVCR100.dll
 0001:00035b54       __report_gsfailure         0000000180036b54 f   MSVCRT:gs_report.obj
 0001:00035ca0       __clean_type_info_names    0000000180036ca0 f   MSVCRT:tncleanup.obj
 0001:00035cac       _onexit                    0000000180036cac f   MSVCRT:atonexit.obj
 0001:00035d5c       atexit                     0000000180036d5c f   MSVCRT:atonexit.obj
 0001:00035d74       _RTC_Initialize            0000000180036d74 f   MSVCRT:_initsect_.obj
 0001:00035dac       _RTC_Terminate             0000000180036dac f   MSVCRT:_initsect_.obj
 0001:00035de4       _malloc_crt                0000000180036de4 f   MSVCRT:MSVCR100.dll
 0001:00035df0       _ValidateImageBase         0000000180036df0 f   MSVCRT:pesect.obj
 0001:00035e20       _FindPESection             0000000180036e20 f   MSVCRT:pesect.obj
 0001:00035e70       _IsNonwritableInCurrentImage 0000000180036e70 f   MSVCRT:pesect.obj
 0001:00035eb2       _initterm                  0000000180036eb2 f   MSVCRT:MSVCR100.dll
 0001:00035eb8       _initterm_e                0000000180036eb8 f   MSVCRT:MSVCR100.dll
 0001:00035ebe       _encoded_null              0000000180036ebe f   MSVCRT:MSVCR100.dll
 0001:00035ec4       _amsg_exit                 0000000180036ec4 f   MSVCRT:MSVCR100.dll
 0001:00035eca       __C_specific_handler       0000000180036eca f   MSVCRT:MSVCR100.dll
 0001:00035ed0       __CppXcptFilter            0000000180036ed0 f   MSVCRT:MSVCR100.dll
 0001:00035ed8       DllMain                    0000000180036ed8 f   MSVCRT:dllmain.obj
 0001:00035efc       __security_init_cookie     0000000180036efc f   MSVCRT:gs_support.obj
 0001:00035fb0       __crt_debugger_hook        0000000180036fb0 f   MSVCRT:MSVCR100.dll
 0001:00035fb6       __clean_type_info_names_internal 0000000180036fb6 f   MSVCRT:MSVCR100.dll
 0001:00035fbc       _unlock                    0000000180036fbc f   MSVCRT:MSVCR100.dll
 0001:00035fc2       __dllonexit                0000000180036fc2 f   MSVCRT:MSVCR100.dll
 0001:00035fc8       _lock                      0000000180036fc8 f   MSVCRT:MSVCR100.dll
 0001:00035fce       EncodePointer              0000000180036fce f   kernel32:KERNEL32.dll
 0001:00035fd4       DecodePointer              0000000180036fd4 f   kernel32:KERNEL32.dll
 0001:00035fda       Sleep                      0000000180036fda f   kernel32:KERNEL32.dll
 0001:00035fe0       TerminateProcess           0000000180036fe0 f   kernel32:KERNEL32.dll
 0001:00035fe6       GetCurrentProcess          0000000180036fe6 f   kernel32:KERNEL32.dll
 0001:00035fec       UnhandledExceptionFilter   0000000180036fec f   kernel32:KERNEL32.dll
 0001:00035ff2       SetUnhandledExceptionFilter 0000000180036ff2 f   kernel32:KERNEL32.dll
 0001:00035ff8       IsDebuggerPresent          0000000180036ff8 f   kernel32:KERNEL32.dll
 0001:00035ffe       RtlVirtualUnwind           0000000180036ffe f   kernel32:KERNEL32.dll
 0001:00036004       RtlLookupFunctionEntry     0000000180037004 f   kernel32:KERNEL32.dll
 0001:0003600a       RtlCaptureContext          000000018003700a f   kernel32:KERNEL32.dll
 0001:00036010       DisableThreadLibraryCalls  0000000180037010 f   kernel32:KERNEL32.dll
 0001:00036016       QueryPerformanceCounter    0000000180037016 f   kernel32:KERNEL32.dll
 0001:0003601c       GetTickCount               000000018003701c f   kernel32:KERNEL32.dll
 0001:00036022       GetCurrentThreadId         0000000180037022 f   kernel32:KERNEL32.dll
 0001:00036028       GetCurrentProcessId        0000000180037028 f   kernel32:KERNEL32.dll
 0001:0003602e       GetSystemTimeAsFileTime    000000018003702e f   kernel32:KERNEL32.dll
 0002:00000000       __imp_GetSystemTimeAsFileTime 0000000180038000     kernel32:KERNEL32.dll
 0002:00000008       __imp_GetCurrentProcessId  0000000180038008     kernel32:KERNEL32.dll
 0002:00000010       __imp_GetCurrentThreadId   0000000180038010     kernel32:KERNEL32.dll
 0002:00000018       __imp_GetTickCount         0000000180038018     kernel32:KERNEL32.dll
 0002:00000020       __imp_QueryPerformanceCounter 0000000180038020     kernel32:KERNEL32.dll
 0002:00000028       __imp_DisableThreadLibraryCalls 0000000180038028     kernel32:KERNEL32.dll
 0002:00000030       __imp_RtlCaptureContext    0000000180038030     kernel32:KERNEL32.dll
 0002:00000038       __imp_RtlLookupFunctionEntry 0000000180038038     kernel32:KERNEL32.dll
 0002:00000040       __imp_RtlVirtualUnwind     0000000180038040     kernel32:KERNEL32.dll
 0002:00000048       __imp_IsDebuggerPresent    0000000180038048     kernel32:KERNEL32.dll
 0002:00000050       __imp_SetUnhandledExceptionFilter 0000000180038050     kernel32:KERNEL32.dll
 0002:00000058       __imp_UnhandledExceptionFilter 0000000180038058     kernel32:KERNEL32.dll
 0002:00000060       __imp_GetCurrentProcess    0000000180038060     kernel32:KERNEL32.dll
 0002:00000068       __imp_TerminateProcess     0000000180038068     kernel32:KERNEL32.dll
 0002:00000070       __imp_Sleep                0000000180038070     kernel32:KERNEL32.dll
 0002:00000078       __imp_DecodePointer        0000000180038078     kernel32:KERNEL32.dll
 0002:00000080       __imp_EncodePointer        0000000180038080     kernel32:KERNEL32.dll
 0002:00000088       \177KERNEL32_NULL_THUNK_DATA 0000000180038088     kernel32:KERNEL32.dll
 0002:00000090       __imp__onexit              0000000180038090     MSVCRT:MSVCR100.dll
 0002:00000098       __imp__lock                0000000180038098     MSVCRT:MSVCR100.dll
 0002:000000a0       __imp___dllonexit          00000001800380a0     MSVCRT:MSVCR100.dll
 0002:000000a8       __imp__unlock              00000001800380a8     MSVCRT:MSVCR100.dll
 0002:000000b0       __imp___clean_type_info_names_internal 00000001800380b0     MSVCRT:MSVCR100.dll
 0002:000000b8       __imp___crt_debugger_hook  00000001800380b8     MSVCRT:MSVCR100.dll
 0002:000000c0       __imp___CppXcptFilter      00000001800380c0     MSVCRT:MSVCR100.dll
 0002:000000c8       __imp___C_specific_handler 00000001800380c8     MSVCRT:MSVCR100.dll
 0002:000000d0       __imp__amsg_exit           00000001800380d0     MSVCRT:MSVCR100.dll
 0002:000000d8       __imp__encoded_null        00000001800380d8     MSVCRT:MSVCR100.dll
 0002:000000e0       __imp__initterm_e          00000001800380e0     MSVCRT:MSVCR100.dll
 0002:000000e8       __imp__initterm            00000001800380e8     MSVCRT:MSVCR100.dll
 0002:000000f0       __imp__malloc_crt          00000001800380f0     MSVCRT:MSVCR100.dll
 0002:000000f8       __imp_ldexp                00000001800380f8     MSVCRT:MSVCR100.dll
 0002:00000100       __imp__setjmp              0000000180038100     MSVCRT:MSVCR100.dll
 0002:00000108       __imp_strrchr              0000000180038108     MSVCRT:MSVCR100.dll
 0002:00000110       __imp_ceil                 0000000180038110     MSVCRT:MSVCR100.dll
 0002:00000118       __imp_strncmp              0000000180038118     MSVCRT:MSVCR100.dll
 0002:00000120       __imp_longjmp              0000000180038120     MSVCRT:MSVCR100.dll
 0002:00000128       __imp_strncpy              0000000180038128     MSVCRT:MSVCR100.dll
 0002:00000130       __imp_memcpy               0000000180038130     MSVCRT:MSVCR100.dll
 0002:00000138       __imp_strcat               0000000180038138     MSVCRT:MSVCR100.dll
 0002:00000140       __imp_malloc               0000000180038140     MSVCRT:MSVCR100.dll
 0002:00000148       __imp_sprintf              0000000180038148     MSVCRT:MSVCR100.dll
 0002:00000150       __imp_free                 0000000180038150     MSVCRT:MSVCR100.dll
 0002:00000158       __imp_strcmp               0000000180038158     MSVCRT:MSVCR100.dll
 0002:00000160       __imp_memset               0000000180038160     MSVCRT:MSVCR100.dll
 0002:00000168       __imp_strlen               0000000180038168     MSVCRT:MSVCR100.dll
 0002:00000170       \177MSVCR100_NULL_THUNK_DATA 0000000180038170     MSVCRT:MSVCR100.dll
 0002:00000178       __imp_emlrtIsEnumR2009a    0000000180038178     libemlrt:libemlrt.dll
 0002:00000180       __imp_emlrtGetEnumUnderlyingArrayR2009a 0000000180038180     libemlrt:libemlrt.dll
 0002:00000188       __imp_emlrtTranslateUTF16MessagetoLCPstring 0000000180038188     libemlrt:libemlrt.dll
 0002:00000190       __imp_emlrtForLoopVectorIsValidR2011b 0000000180038190     libemlrt:libemlrt.dll
 0002:00000198       __imp_emlrtTranslateMessageIDtoLCPstring 0000000180038198     libemlrt:libemlrt.dll
 0002:000001a0       __imp_emlrtExtractMessageId 00000001800381a0     libemlrt:libemlrt.dll
 0002:000001a8       __imp_emlrtNameCapturePostProcessR2012a 00000001800381a8     libemlrt:libemlrt.dll
 0002:000001b0       __imp_emlrtImportVsFiArrayR2009b 00000001800381b0     libemlrt:libemlrt.dll
 0002:000001b8       __imp_emlrtCreateReference 00000001800381b8     libemlrt:libemlrt.dll
 0002:000001c0       __imp_emlrtGetEnumElementR2009a 00000001800381c0     libemlrt:libemlrt.dll
 0002:000001c8       __imp_emlrtCreateEnumR2012b 00000001800381c8     libemlrt:libemlrt.dll
 0002:000001d0       __imp_emlrtCheckEnumR2012b 00000001800381d0     libemlrt:libemlrt.dll
 0002:000001d8       __imp_emlrtCheckVsBuiltInR2012b 00000001800381d8     libemlrt:libemlrt.dll
 0002:000001e0       __imp_emlrtCheckBuiltInR2012b 00000001800381e0     libemlrt:libemlrt.dll
 0002:000001e8       __imp_emlrtDestroyRootTLS  00000001800381e8     libemlrt:libemlrt.dll
 0002:000001f0       __imp_emlrtCreateRootTLS   00000001800381f0     libemlrt:libemlrt.dll
 0002:000001f8       \177libemlrt_NULL_THUNK_DATA 00000001800381f8     libemlrt:libemlrt.dll
 0002:00000200       __imp_ssRegisterDataTypeFxpScaledDouble 0000000180038200     libfixedpoint:libfixedpoint.dll
 0002:00000208       __imp_ssRegisterDataTypeFxpFSlopeFixExpBias 0000000180038208     libfixedpoint:libfixedpoint.dll
 0002:00000210       \177libfixedpoint_NULL_THUNK_DATA 0000000180038210     libfixedpoint:libfixedpoint.dll
 0002:00000218       __imp_mexLock              0000000180038218     libmex:libmex.dll
 0002:00000220       __imp_mexMakeMemoryPersistent 0000000180038220     libmex:libmex.dll
 0002:00000228       __imp_mexFunctionName      0000000180038228     libmex:libmex.dll
 0002:00000230       __imp_mexGetVariable       0000000180038230     libmex:libmex.dll
 0002:00000238       __imp_mexPutVariable       0000000180038238     libmex:libmex.dll
 0002:00000240       __imp_mexSetTrapFlag       0000000180038240     libmex:libmex.dll
 0002:00000248       __imp_mexIsLocked          0000000180038248     libmex:libmex.dll
 0002:00000250       __imp_mexWarnMsgTxt        0000000180038250     libmex:libmex.dll
 0002:00000258       __imp_mexCallMATLAB        0000000180038258     libmex:libmex.dll
 0002:00000260       __imp_mexErrMsgTxt         0000000180038260     libmex:libmex.dll
 0002:00000268       __imp_mexUnlock            0000000180038268     libmex:libmex.dll
[...]
 0001:0000bcf0       sf_mex_check_complex       000000018000ccf0 f   sfc_mex:sfc_mex.obj
 0001:0000bd80       sf_mex_check_sparse        000000018000cd80 f   sfc_mex:sfc_mex.obj
 0001:0000bde0       sf_mex_check_numerictype   000000018000cde0 f   sfc_mex:sfc_mex.obj
 0001:0000bf70       sf_mex_check_fimath        000000018000cf70 f   sfc_mex:sfc_mex.obj
 0001:0000cad0       size_mismatch_error        000000018000dad0 f   sfc_mex:sfc_mex.obj
 0001:0000d540       check_array_dimensions     000000018000e540 f   sfc_mex:sfc_mex.obj
 0001:0000d5b0       check_input_mxarray        000000018000e5b0 f   sfc_mex:sfc_mex.obj
 0001:0000dcf0       sf_numeric_value_to_double 000000018000ecf0 f   sfc_mex:sfc_mex.obj
 0001:0000dd40       ml_generic_out_of_bounds_check 000000018000ed40 f   sfc_mex:sfc_mex.obj
 0001:0000df00       ml_get_element_value_from_array 000000018000ef00 f   sfc_mex:sfc_mex.obj
 0001:0000e2a0       _ml_generic_castability_check 000000018000f2a0 f   sfc_mex:sfc_mex.obj
 0001:0000e9f0       ml_generic_castability_check 000000018000f9f0 f   sfc_mex:sfc_mex.obj
 0001:0000ea90       ml_check_mx_array_for_single_castability 000000018000fa90 f   sfc_mex:sfc_mex.obj
 0001:0000eb30       ml_check_mx_array_for_logical_castability 000000018000fb30 f   sfc_mex:sfc_mex.obj
 0001:0000ebd0       ml_check_mx_array_for_int8_castability 000000018000fbd0 f   sfc_mex:sfc_mex.obj
 0001:0000ec80       ml_check_mx_array_for_uint8_castability 000000018000fc80 f   sfc_mex:sfc_mex.obj
 0001:0000ece0       ml_check_mx_array_for_int16_castability 000000018000fce0 f   sfc_mex:sfc_mex.obj
 0001:0000ed40       ml_check_mx_array_for_uint16_castability 000000018000fd40 f   sfc_mex:sfc_mex.obj
 0001:0000eda0       ml_check_mx_array_for_int32_castability 000000018000fda0 f   sfc_mex:sfc_mex.obj
 0001:0000ee00       ml_check_mx_array_for_uint32_castability 000000018000fe00 f   sfc_mex:sfc_mex.obj
 0001:0000ee60       ml_check_mx_array_for_castability 000000018000fe60 f   sfc_mex:sfc_mex.obj
 0001:0000f680       set_data_value             0000000180010680 f   sfc_mex:sfc_mex.obj
 0001:0000f9f0       get_data_value             00000001800109f0 f   sfc_mex:sfc_mex.obj
 0001:0000fb00       get_next_element_address   0000000180010b00 f   sfc_mex:sfc_mex.obj
 0001:0000fbd0       sf_normalize_index         0000000180010bd0 f   sfc_mex:sfc_mex.obj
 0001:0000ff80       ml_array_index_bound_check 0000000180010f80 f   sfc_mex:sfc_mex.obj
 0001:00010b00       mx_value                   0000000180011b00 f   sfc_mex:sfc_mex.obj
 0001:00010b50       sf_create_numeric_array    0000000180011b50 f   sfc_mex:sfc_mex.obj
 0001:00010bf0       sf_mex_assign_to_mx_array  0000000180011bf0 f   sfc_mex:sfc_mex.obj
 0001:00010f60       assign_from_mx_array       0000000180011f60 f   sfc_mex:sfc_mex.obj
 0001:000116c0       sf_mex_import_v            00000001800126c0 f   sfc_mex:sfc_mex.obj
 0001:00011dd0       get_machine_and_chart_file_number 0000000180012dd0 f   sfc_mex:sfc_sf.obj
 0001:00011ec0       get_sfun_block_specialization 0000000180012ec0 f   sfc_mex:sfc_sf.obj
 0001:00011f70       call_sf_machine_global_method_dispatcher 0000000180012f70 f   sfc_mex:sfc_sf.obj
 0001:000121c0       mdl_zeroCrossings_processing 00000001800131c0 f   sfc_mex:sfc_sf.obj
 0001:000122a0       mdl_derivatives_processing 00000001800132a0 f   sfc_mex:sfc_sf.obj
 0001:00012580       mdl_outputs_continuous_legacy 0000000180013580 f   sfc_mex:sfc_sf.obj
 0001:00012600       mdl_outputs_processing     0000000180013600 f   sfc_mex:sfc_sf.obj
 0001:00012870       mdl_enable_processing      0000000180013870 f   sfc_mex:sfc_sf.obj
 0001:00012950       mdl_disable_processing     0000000180013950 f   sfc_mex:sfc_sf.obj
 0001:000137e0       sf_call_output_fcn_enable_disable 00000001800147e0 f   sfc_mex:sfc_sf.obj
 0001:00013a60       set_dwork_information_from_mx_array 0000000180014a60 f   sfc_mex:sfc_sf.obj
 0001:00014350       ptr2mxStruct               0000000180015350 f   sfc_mex:sfc_sf.obj
 0001:00014660       SNPRINTF_WRAPPER           0000000180015660 f   sfc_debug:sfcdebug.obj
 0001:00014690       sf_debug_chart_instance_initialized 0000000180015690 f   sfc_debug:sfcdebug.obj
 0001:00014830       sfrtAddSize                0000000180015830 f   sfc_debug:sfcdebug.obj
 0001:000148f0       sfrtGenSizeString          00000001800158f0 f   sfc_debug:sfcdebug.obj
 0001:00015040       fill_single_message_info   0000000180016040 f   sfc_debug:sfcdebug.obj
 0001:000152c0       sf_debug_sim_status_listener 00000001800162c0 f   sfc_debug:sfcdebug.obj
 0001:00015850       sf_debug_form_mask_bits    0000000180016850 f   sfc_debug:sfcdebug.obj
 0001:00015870       sf_debug_form_sf_data_type_offsets 0000000180016870 f   sfc_debug:sfcdebug.obj
 0001:00015930       sf_debug_free_all          0000000180016930 f   sfc_debug:sfcdebug.obj
 0001:00015ac0       sf_debug_append_debugger_context 0000000180016ac0 f   sfc_debug:sfcdebug.obj
 0001:00015e30       local_strdup               0000000180016e30 f   sfc_debug:sfcdebug.obj
 0001:00016db0       sf_debug_em_terminate      0000000180017db0 f   sfc_debug:sfcdebug.obj
 0001:00016df0       sf_debug_push_eml_function 0000000180017df0 f   sfc_debug:sfcdebug.obj
 0001:00016e90       sf_debug_pop_eml_function  0000000180017e90 f   sfc_debug:sfcdebug.obj
 0001:00017b30       sf_debug_get_machine_number_from_id_or_name 0000000180018b30 f   sfc_debug:sfcdebug.obj
 0001:00017c80       sf_debug_get_chart_number_from_id 0000000180018c80 f   sfc_debug:sfcdebug.obj
 0001:00018a60       sf_debug_transfer_control_to_debugger_GUI 0000000180019a60 f   sfc_debug:sfcdebug.obj
 0001:000199d0       sf_debug_scripts_rehash    000000018001a9d0 f   sfc_debug:sfcdebug.obj
 0001:00019be0       sf_debug_get_script_line_count 000000018001abe0 f   sfc_debug:sfcdebug.obj
 0001:0001a630       cv_eml_state_cvId          000000018001b630 f   sfc_debug:sfcdebug.obj
 0001:0001a6a0       cv_eml_trans_cvId          000000018001b6a0 f   sfc_debug:sfcdebug.obj
 0001:0001bb20       sf_debug_data_array_bounds_error 000000018001cb20 f   sfc_debug:sfcdebug.obj
 0001:0001bed0       eml_debug_runtime_error_doclink 000000018001ced0 f   sfc_debug:sfcdebug.obj
 0001:0001c040       sf_debug_runtime_error     000000018001d040 f   sfc_debug:sfcdebug.obj
 0001:0001c0b0       sf_debug_matlab_error      000000018001d0b0 f   sfc_debug:sfcdebug.obj
 0001:0001ca20       sf_debug_data_value_error  000000018001da20 f   sfc_debug:sfcdebug.obj
 0001:0001d2f0       sf_debug_data_loss_error   000000018001e2f0 f   sfc_debug:sfcdebug.obj
 0001:0001e210       call_cv_range_check        000000018001f210 f   sfc_debug:sfcdebug.obj
 0001:0001ea70       sf_debug_invoke_cycle_detection_code 000000018001fa70 f   sfc_debug:sfcdebug.obj
 0001:0001f5e0       sf_reset_debug_info_struct 00000001800205e0 f   sfc_debug:sfcdebug.obj
 0001:0001fdd0       cv_script_cvId             0000000180020dd0 f   sfc_debug:sfcdebug.obj
 0001:00020f90       sfc_api_chart_visible      0000000180021f90 f   sfc_debug:sfc_api.obj
 0001:00021020       sfc_api_active_instance    0000000180022020 f   sfc_debug:sfc_api.obj
 0001:000210b0       sfc_api_machine_load       00000001800220b0 f   sfc_debug:sfc_api.obj
 0001:000211a0       sfc_api_debugger_alive     00000001800221a0 f   sfc_debug:sfc_api.obj
 0001:000211b0       sfc_api_go                 00000001800221b0 f   sfc_debug:sfc_api.obj
 0001:000211c0       sfc_api_step_over          00000001800221c0 f   sfc_debug:sfc_api.obj
 0001:000211d0       sfc_api_step_out           00000001800221d0 f   sfc_debug:sfc_api.obj
 0001:000211e0       sfc_api_resume             00000001800221e0 f   sfc_debug:sfc_api.obj
 0001:000211f0       sfc_api_break              00000001800221f0 f   sfc_debug:sfc_api.obj
 0001:00021200       sfc_api_stop_debugging     0000000180022200 f   sfc_debug:sfc_api.obj
 0001:00021260       sfc_api_is_cycle_detected  0000000180022260 f   sfc_debug:sfc_api.obj
 0001:000212c0       sfc_api_is_array_bounds_detected 00000001800222c0 f   sfc_debug:sfc_api.obj
 0001:00021320       sfc_api_set_disable_all_breakpoints 0000000180022320 f   sfc_debug:sfc_api.obj
 0001:000213a0       sfc_api_disable_all_breakpoints_and_go 00000001800223a0 f   sfc_debug:sfc_api.obj
 0001:000213b0       sfc_api_close              00000001800223b0 f   sfc_debug:sfc_api.obj
 0001:000213c0       sfc_api_browse_data        00000001800223c0 f   sfc_debug:sfc_api.obj
 0001:00021440       sfc_api_watch_data         0000000180022440 f   sfc_debug:sfc_api.obj
 0001:00021550       sfc_api_extract_message_post_receive_info 0000000180022550 f   sfc_debug:sfc_api.obj
 0001:00021570       sfc_api_assign_data        0000000180022570 f   sfc_debug:sfc_api.obj
 0001:00021620       sfc_api_whos               0000000180022620 f   sfc_debug:sfc_api.obj
 0001:000216b0       sfc_api_get_consistency_info 00000001800226b0 f   sfc_debug:sfc_api.obj
 0001:000216c0       sfc_api_browse_trace       00000001800226c0 f   sfc_debug:sfc_api.obj
 0001:000216d0       sfc_api_break_on_chart_entry 00000001800226d0 f   sfc_debug:sfc_api.obj
 0001:00021700       sfc_api_break_on_event_broadcast 0000000180022700 f   sfc_debug:sfc_api.obj
 0001:00021730       sfc_api_break_on_state_entry 0000000180022730 f   sfc_debug:sfc_api.obj
 0001:00021760       sfc_api_set_watch          0000000180022760 f   sfc_debug:sfc_api.obj
 0001:00021810       sfc_api_set_breakpoints    0000000180022810 f   sfc_debug:sfc_api.obj
 0001:000218d0       sfc_api_set_eml_breakpoints 00000001800228d0 f   sfc_debug:sfc_api.obj
 0001:00021970       sfc_api_set_script_breakpoints 0000000180022970 f   sfc_debug:sfc_api.obj
 0001:000219d0       sfc_api_add_script_breakpoints 00000001800229d0 f   sfc_debug:sfc_api.obj
 0001:00021a30       sfc_api_clear_script_breakpoints 0000000180022a30 f   sfc_debug:sfc_api.obj
 0001:00021a90       sfc_api_query_script_breakpoints 0000000180022a90 f   sfc_debug:sfc_api.obj
 0001:00021b00       sfc_api_get_script_id      0000000180022b00 f   sfc_debug:sfc_api.obj
 0001:00021bc0       sfc_api_get_active_states  0000000180022bc0 f   sfc_debug:sfc_api.obj
 0001:00021c50       sfc_api_break_between_times 0000000180022c50 f   sfc_debug:sfc_api.obj
 0001:00021cc0       sfc_api_get_instance_handle 0000000180022cc0 f   sfc_debug:sfc_api.obj
 0001:00021d90       sfc_api_set_animation      0000000180022d90 f   sfc_debug:sfc_api.obj
 0001:00021de0       sfc_api_select_chart       0000000180022de0 f   sfc_debug:sfc_api.obj
 0001:00021e50       sfc_api_select_charts      0000000180022e50 f   sfc_debug:sfc_api.obj
 0001:00021e80       sfc_api_cycle_detection_check 0000000180022e80 f   sfc_debug:sfc_api.obj
 0001:00021ed0       sfc_api_data_range_check   0000000180022ed0 f   sfc_debug:sfc_api.obj
 0001:00021f20       sfc_api_transition_conflict_check 0000000180022f20 f   sfc_debug:sfc_api.obj
 0001:00021f70       sfc_api_state_consistency_check 0000000180022f70 f   sfc_debug:sfc_api.obj
 0001:00021fc0       sfc_api_set_instance_cv_ids 0000000180022fc0 f   sfc_debug:sfc_api.obj
 0001:000220f0       sfc_api_set_script_cv_ids  00000001800230f0 f   sfc_debug:sfc_api.obj
 0001:000221c0       sfc_api_get_current_machine_id 00000001800231c0 f   sfc_debug:sfc_api.obj
 0001:000221f0       sfc_api_get_current_machine_number 00000001800231f0 f   sfc_debug:sfc_api.obj
 0001:00022220       sfc_api_get_current_chart_number 0000000180023220 f   sfc_debug:sfc_api.obj
 0001:00022250       sfc_api_get_current_instance_number 0000000180023250 f   sfc_debug:sfc_api.obj
 0001:00022280       sfc_api_get_current_instance_handle 0000000180023280 f   sfc_debug:sfc_api.obj
 0001:000222a0       sfc_api_get_current_is_minor_time_step 00000001800232a0 f   sfc_debug:sfc_api.obj
 0001:000222d0       sfc_api_get_current_machine_name 00000001800232d0 f   sfc_debug:sfc_api.obj
 0001:000222f0       sfc_api_get_current_chart_id 00000001800232f0 f   sfc_debug:sfc_api.obj
 0001:00022320       sfc_api_get_current_object_type 0000000180023320 f   sfc_debug:sfc_api.obj
 0001:00022350       sfc_api_get_current_event_type 0000000180023350 f   sfc_debug:sfc_api.obj
 0001:00022380       sfc_api_get_current_object_id 0000000180023380 f   sfc_debug:sfc_api.obj
 0001:000223b0       sfc_get_current_active_event_type 00000001800233b0 f   sfc_debug:sfc_api.obj
 0001:000223e0       sfc_api_get_current_active_event_id 00000001800233e0 f   sfc_debug:sfc_api.obj
 0001:00022410       sfc_api_get_current_simulation_time 0000000180023410 f   sfc_debug:sfc_api.obj
 0001:00022430       sfc_get_current_tag_type   0000000180023430 f   sfc_debug:sfc_api.obj
 0001:00022460       sfc_get_current_coverage_percentage 0000000180023460 f   sfc_debug:sfc_api.obj
 0001:00022480       sfc_get_current_statement_context 0000000180023480 f   sfc_debug:sfc_api.obj
 0001:000224a0       sfc_get_current_optional_integer 00000001800234a0 f   sfc_debug:sfc_api.obj
 0001:000224d0       sfc_get_current_statement_info 00000001800234d0 f   sfc_debug:sfc_api.obj
 0001:00022570       sfc_api_get                0000000180023570 f   sfc_debug:sfc_api.obj
 0001:000231d0       sf_debug_sm_fill_state_activity_data 00000001800241d0 f   sfc_debug:sfdb_animation.obj
 0001:00025a10       void_ptr_stack_vector_free_total 0000000180026a10 f   sfc_debug:sfdb_data_browse.obj
 0001:00025a90       sf_debug_st_terminate_machine 0000000180026a90 f   sfc_debug:sfdb_data_browse.obj
 0001:00025ad0       sf_debug_st_terminate_instance 0000000180026ad0 f   sfc_debug:sfdb_data_browse.obj
 0001:00025e80       push_on_to_void_ptr_stack  0000000180026e80 f   sfc_debug:sfdb_data_browse.obj
 0001:00026010       pop_from_void_ptr_stack    0000000180027010 f   sfc_debug:sfdb_data_browse.obj
 0001:00026140       sf_debug_st_get_data_value 0000000180027140 f   sfc_debug:sfdb_data_browse.obj
 0001:00026670       mx_value                   0000000180027670 f   sfc_debug:sfdb_data_browse.obj
 0001:000266b0       sf_debug_st_fill_data_struct 00000001800276b0 f   sfc_debug:sfdb_data_browse.obj
 0001:000269f0       data_type_format_strings   00000001800279f0 f   sfc_debug:sfdb_data_browse.obj
 0001:00026aa0       sf_debug_st_fill_data      0000000180027aa0 f   sfc_debug:sfdb_data_browse.obj
 0001:00027790       sf_debug_hm_get_simulink_handle 0000000180028790 f   sfc_debug:sfdb_handle_management.obj
 0001:00028240       sf_debug_hm_initialize_globals 0000000180029240 f   sfc_debug:sfdb_handle_management.obj
 0001:00028340       sf_debug_hm_get_machine_debug_flag 0000000180029340 f   sfc_debug:sfdb_handle_management.obj
 0001:000284b0       sf_debug_hm_get_machine_id 00000001800294b0 f   sfc_debug:sfdb_handle_management.obj
 0001:000285d0       sf_debug_hm_get_chart_id   00000001800295d0 f   sfc_debug:sfdb_handle_management.obj
 0001:00028770       sf_debug_hm_register_executing_SFunction 0000000180029770 f   sfc_debug:sfdb_handle_management.obj
 0001:00028b00       sf_debug_hm_form_object_boolean_properties 0000000180029b00 f   sfc_debug:sfdb_handle_management.obj
 0001:00028dd0       sf_debug_hm_form_object_properties 0000000180029dd0 f   sfc_debug:sfdb_handle_management.obj
 0001:00029010       sf_debug_hm_terminate_charts 000000018002a010 f   sfc_debug:sfdb_handle_management.obj
 0001:000296f0       sf_debug_hm_terminate_machines 000000018002a6f0 f   sfc_debug:sfdb_handle_management.obj
 0001:0002b160       sf_debug_ss_copy_dimension 000000018002c160 f   sfc_debug:sfdb_symbol_scope.obj
 0001:0002b220       sf_debug_ss_get_number_elements 000000018002c220 f   sfc_debug:sfdb_symbol_scope.obj
 0001:0002b240       sf_debug_ss_fill_data_struct 000000018002c240 f   sfc_debug:sfdb_symbol_scope.obj
 0001:0002b590       sf_debug_ss_reset_data_info 000000018002c590 f   sfc_debug:sfdb_symbol_scope.obj
 0001:0002b5f0       sf_debug_fill_data_info_by_symbol_scope_entry 000000018002c5f0 f   sfc_debug:sfdb_symbol_scope.obj
 0001:0002b6b0       sf_debug_fill_data_info_by_data_vector 000000018002c6b0 f   sfc_debug:sfdb_symbol_scope.obj
 0001:0002b900       get_data_info_helper       000000018002c900 f   sfc_debug:sfdb_symbol_scope.obj
 0001:0002bbf0       sf_debug_ss_get_data_info  000000018002cbf0 f   sfc_debug:sfdb_symbol_scope.obj
 0001:0002be10       sf_debug_select_mex_function 000000018002ce10 f   sfc_debug:sfdb_symbol_scope.obj
 0001:0002be40       sf_debug_is_dyn_matrix_initialized 000000018002ce40 f   sfc_debug:sfdb_symbol_scope.obj
 0001:0002be60       sf_debug_ss_set_data_value_try 000000018002ce60 f   sfc_debug:sfdb_symbol_scope.obj
 0001:0002c050       sf_debug_ss_get_data_value 000000018002d050 f   sfc_debug:sfdb_symbol_scope.obj
 0001:0002c7b0       sf_debug_ss_data_bytes_string 000000018002d7b0 f   sfc_debug:sfdb_symbol_scope.obj
 0001:0002c840       sf_debug_ss_data_class_string 000000018002d840 f   sfc_debug:sfdb_symbol_scope.obj
 0001:0002cbc0       sf_debug_ss_data_size_string 000000018002dbc0 f   sfc_debug:sfdb_symbol_scope.obj
 0001:0002cca0       sf_debug_ss_data_create_data_info_struct 000000018002dca0 f   sfc_debug:sfdb_symbol_scope.obj
 0001:0002cf50       sf_debug_ss_data_create_name_value_pair 000000018002df50 f   sfc_debug:sfdb_symbol_scope.obj
 0001:0002cff0       sf_debug_ss_data_get_whos_info 000000018002dff0 f   sfc_debug:sfdb_symbol_scope.obj
 0001:0002d000       same_named_data_in_data_array 000000018002e000 f   sfc_debug:sfdb_symbol_scope.obj
 0001:0002e790       sf_debug_cc_terminate_chart 000000018002f790 f   sfc_debug:sfdb_coverage.obj
 0001:0002eaa0       sf_debug_cc_terminate_instance 000000018002faa0 f   sfc_debug:sfdb_coverage.obj
 0001:0002f670       sf_debug_cc_mark_object_if_needed 0000000180030670 f   sfc_debug:sfdb_coverage.obj
 0001:0002fef0       sf_debug_bm_initialize_eml 0000000180030ef0 f   sfc_debug:sfdb_breakpoints.obj
 0001:00030fb0       sf_debug_bm_map_debug_tag_to_breakpoint_tag 0000000180031fb0 f   sfc_debug:sfdb_breakpoints.obj
 0001:00031090       sf_debug_bm_is_a_eml_breakpoint_impl 0000000180032090 f   sfc_debug:sfdb_breakpoints.obj
 0001:000329c0       sf_debug_sc_push_on_error_stack 00000001800339c0 f   sfc_debug:sfdb_state_consistency.obj
 0001:00032ae0       sf_debug_sc_reset_error_stack 0000000180033ae0 f   sfc_debug:sfdb_state_consistency.obj
 0001:00032c70       sf_debug_sc_is_state_inconsistent 0000000180033c70 f   sfc_debug:sfdb_state_consistency.obj
 0001:00032f60       sf_debug_sc_fill_consistency_info 0000000180033f60 f   sfc_debug:sfdb_state_consistency.obj
 0001:00033500       void_assertion_fcn         0000000180034500 f   sfc_debug:sfdb_call_stack.obj
 0001:00033a50       sf_debug_tm_fill_local_trace 0000000180034a50 f   sfc_debug:sfdb_call_stack.obj
 0001:00033ff0       sf_debug_cd_terminate_instance 0000000180034ff0 f   sfc_debug:sfdb_cycle_detection.obj
 0001:00034050       sf_debug_cd_free_checksum_stack 0000000180035050 f   sfc_debug:sfdb_cycle_detection.obj
 0001:000340a0       sf_debug_cd_reset_pack_strings 00000001800350a0 f   sfc_debug:sfdb_cycle_detection.obj
 0001:00034740       md5file_clear              0000000180035740 f   sfc_debug:ckmd5.obj
 0001:00034770       Encode                     0000000180035770 f   sfc_debug:ckmd5.obj
 0001:000347c0       Decode                     00000001800357c0 f   sfc_debug:ckmd5.obj
 0001:00034860       MD5Transform               0000000180035860 f   sfc_debug:ckmd5.obj
 0001:000350c0       md5file_addn               00000001800360c0 f   sfc_debug:ckmd5.obj
 0001:00035190       md5file_hash               0000000180036190 f   sfc_debug:ckmd5.obj
 0001:00035688       pre_c_init                 0000000180036688 f   MSVCRT:crtdll.obj
 0001:00035944       __DllMainCRTStartup        0000000180036944 f   MSVCRT:crtdll.obj
 0001:00036040       __DllMainCRTStartup$filt$0 0000000180037040 f   MSVCRT:crtdll.obj
 0001:00036070       __DllMainCRTStartup$fin$1  0000000180037070 f   MSVCRT:crtdll.obj
 0001:0003608a       _onexit$fin$0              000000018003708a f   MSVCRT:atonexit.obj
 0001:000360b0       _IsNonwritableInCurrentImage$filt$0 00000001800370b0 f   MSVCRT:pesect.obj
